Archive member included to satisfy reference by file (symbol)

/opt/st/stm32cubeclt_1.17.0_2/GNU-tools-for-STM32/bin/../lib/gcc/arm-none-eabi/12.3.1/../../../../arm-none-eabi/lib/thumb/v7-m/nofp/libc_nano.a(libc_a-exit.o)
                              /opt/st/stm32cubeclt_1.17.0_2/GNU-tools-for-STM32/bin/../lib/gcc/arm-none-eabi/12.3.1/../../../../arm-none-eabi/lib/thumb/v7-m/nofp/crt0.o (exit)
/opt/st/stm32cubeclt_1.17.0_2/GNU-tools-for-STM32/bin/../lib/gcc/arm-none-eabi/12.3.1/../../../../arm-none-eabi/lib/thumb/v7-m/nofp/libc_nano.a(libc_a-nano-vfprintf_float.o)
                              (_printf_float)
/opt/st/stm32cubeclt_1.17.0_2/GNU-tools-for-STM32/bin/../lib/gcc/arm-none-eabi/12.3.1/../../../../arm-none-eabi/lib/thumb/v7-m/nofp/libc_nano.a(libc_a-nano-vfprintf_i.o)
                              /opt/st/stm32cubeclt_1.17.0_2/GNU-tools-for-STM32/bin/../lib/gcc/arm-none-eabi/12.3.1/../../../../arm-none-eabi/lib/thumb/v7-m/nofp/libc_nano.a(libc_a-nano-vfprintf_float.o) (_printf_common)
/opt/st/stm32cubeclt_1.17.0_2/GNU-tools-for-STM32/bin/../lib/gcc/arm-none-eabi/12.3.1/../../../../arm-none-eabi/lib/thumb/v7-m/nofp/libc_nano.a(libc_a-findfp.o)
                              /opt/st/stm32cubeclt_1.17.0_2/GNU-tools-for-STM32/bin/../lib/gcc/arm-none-eabi/12.3.1/../../../../arm-none-eabi/lib/thumb/v7-m/nofp/libc_nano.a(libc_a-exit.o) (__stdio_exit_handler)
/opt/st/stm32cubeclt_1.17.0_2/GNU-tools-for-STM32/bin/../lib/gcc/arm-none-eabi/12.3.1/../../../../arm-none-eabi/lib/thumb/v7-m/nofp/libc_nano.a(libc_a-fwalk.o)
                              /opt/st/stm32cubeclt_1.17.0_2/GNU-tools-for-STM32/bin/../lib/gcc/arm-none-eabi/12.3.1/../../../../arm-none-eabi/lib/thumb/v7-m/nofp/libc_nano.a(libc_a-findfp.o) (_fwalk_sglue)
/opt/st/stm32cubeclt_1.17.0_2/GNU-tools-for-STM32/bin/../lib/gcc/arm-none-eabi/12.3.1/../../../../arm-none-eabi/lib/thumb/v7-m/nofp/libc_nano.a(libc_a-stdio.o)
                              /opt/st/stm32cubeclt_1.17.0_2/GNU-tools-for-STM32/bin/../lib/gcc/arm-none-eabi/12.3.1/../../../../arm-none-eabi/lib/thumb/v7-m/nofp/libc_nano.a(libc_a-findfp.o) (__sread)
/opt/st/stm32cubeclt_1.17.0_2/GNU-tools-for-STM32/bin/../lib/gcc/arm-none-eabi/12.3.1/../../../../arm-none-eabi/lib/thumb/v7-m/nofp/libc_nano.a(libc_a-memset.o)
                              /opt/st/stm32cubeclt_1.17.0_2/GNU-tools-for-STM32/bin/../lib/gcc/arm-none-eabi/12.3.1/../../../../arm-none-eabi/lib/thumb/v7-m/nofp/crt0.o (memset)
/opt/st/stm32cubeclt_1.17.0_2/GNU-tools-for-STM32/bin/../lib/gcc/arm-none-eabi/12.3.1/../../../../arm-none-eabi/lib/thumb/v7-m/nofp/libc_nano.a(libc_a-localeconv.o)
                              /opt/st/stm32cubeclt_1.17.0_2/GNU-tools-for-STM32/bin/../lib/gcc/arm-none-eabi/12.3.1/../../../../arm-none-eabi/lib/thumb/v7-m/nofp/libc_nano.a(libc_a-nano-vfprintf_float.o) (_localeconv_r)
/opt/st/stm32cubeclt_1.17.0_2/GNU-tools-for-STM32/bin/../lib/gcc/arm-none-eabi/12.3.1/../../../../arm-none-eabi/lib/thumb/v7-m/nofp/libc_nano.a(libc_a-closer.o)
                              /opt/st/stm32cubeclt_1.17.0_2/GNU-tools-for-STM32/bin/../lib/gcc/arm-none-eabi/12.3.1/../../../../arm-none-eabi/lib/thumb/v7-m/nofp/libc_nano.a(libc_a-stdio.o) (_close_r)
/opt/st/stm32cubeclt_1.17.0_2/GNU-tools-for-STM32/bin/../lib/gcc/arm-none-eabi/12.3.1/../../../../arm-none-eabi/lib/thumb/v7-m/nofp/libc_nano.a(libc_a-reent.o)
                              /opt/st/stm32cubeclt_1.17.0_2/GNU-tools-for-STM32/bin/../lib/gcc/arm-none-eabi/12.3.1/../../../../arm-none-eabi/lib/thumb/v7-m/nofp/libc_nano.a(libc_a-closer.o) (errno)
/opt/st/stm32cubeclt_1.17.0_2/GNU-tools-for-STM32/bin/../lib/gcc/arm-none-eabi/12.3.1/../../../../arm-none-eabi/lib/thumb/v7-m/nofp/libc_nano.a(libc_a-impure.o)
                              /opt/st/stm32cubeclt_1.17.0_2/GNU-tools-for-STM32/bin/../lib/gcc/arm-none-eabi/12.3.1/../../../../arm-none-eabi/lib/thumb/v7-m/nofp/libc_nano.a(libc_a-reent.o) (_impure_ptr)
/opt/st/stm32cubeclt_1.17.0_2/GNU-tools-for-STM32/bin/../lib/gcc/arm-none-eabi/12.3.1/../../../../arm-none-eabi/lib/thumb/v7-m/nofp/libc_nano.a(libc_a-lseekr.o)
                              /opt/st/stm32cubeclt_1.17.0_2/GNU-tools-for-STM32/bin/../lib/gcc/arm-none-eabi/12.3.1/../../../../arm-none-eabi/lib/thumb/v7-m/nofp/libc_nano.a(libc_a-stdio.o) (_lseek_r)
/opt/st/stm32cubeclt_1.17.0_2/GNU-tools-for-STM32/bin/../lib/gcc/arm-none-eabi/12.3.1/../../../../arm-none-eabi/lib/thumb/v7-m/nofp/libc_nano.a(libc_a-readr.o)
                              /opt/st/stm32cubeclt_1.17.0_2/GNU-tools-for-STM32/bin/../lib/gcc/arm-none-eabi/12.3.1/../../../../arm-none-eabi/lib/thumb/v7-m/nofp/libc_nano.a(libc_a-stdio.o) (_read_r)
/opt/st/stm32cubeclt_1.17.0_2/GNU-tools-for-STM32/bin/../lib/gcc/arm-none-eabi/12.3.1/../../../../arm-none-eabi/lib/thumb/v7-m/nofp/libc_nano.a(libc_a-writer.o)
[...]
Memory Configuration

Name             Origin             Length             Attributes
RAM              0x20000000         0x00005000         xrw
FLASH            0x08000000         0x00010000         xr
*default*        0x00000000         0xffffffff

Linker script and memory map

LOAD /opt/st/stm32cubeclt_1.17.0_2/GNU-tools-for-STM32/bin/../lib/gcc/arm-none-eabi/12.3.1/thumb/v7-m/nofp/crti.o
LOAD /opt/st/stm32cubeclt_1.17.0_2/GNU-tools-for-STM32/bin/../lib/gcc/arm-none-eabi/12.3.1/thumb/v7-m/nofp/crtbegin.o
LOAD /opt/st/stm32cubeclt_1.17.0_2/GNU-tools-for-STM32/bin/../lib/gcc/arm-none-eabi/12.3.1/../../../../arm-none-eabi/lib/thumb/v7-m/nofp/crt0.o
START GROUP
LOAD /opt/st/stm32cubeclt_1.17.0_2/GNU-tools-for-STM32/bin/../lib/gcc/arm-none-eabi/12.3.1/../../../../arm-none-eabi/lib/thumb/v7-m/nofp/libc_nano.a
LOAD /opt/st/stm32cubeclt_1.17.0_2/GNU-tools-for-STM32/bin/../lib/gcc/arm-none-eabi/12.3.1/../../../../arm-none-eabi/lib/thumb/v7-m/nofp/libm.a
END GROUP
LOAD CMakeFiles/BMP280TEST.dir/Core/Src/bmp280.c.obj
LOAD CMakeFiles/BMP280TEST.dir/Core/Src/liquidcrystal_i2c.c.obj
LOAD CMakeFiles/BMP280TEST.dir/Core/Src/main.c.obj
LOAD CMakeFiles/BMP280TEST.dir/Core/Src/stm32f1xx_it.c.obj
LOAD CMakeFiles/BMP280TEST.dir/Core/Src/stm32f1xx_hal_msp.c.obj
LOAD CMakeFiles/BMP280TEST.dir/Drivers/STM32F1xx_HAL_Driver/Src/stm32f1xx_hal_gpio_ex.c.obj
LOAD CMakeFiles/BMP280TEST.dir/Drivers/STM32F1xx_HAL_Driver/Src/stm32f1xx_hal_i2c.c.obj
LOAD CMakeFiles/BMP280TEST.dir/Drivers/STM32F1xx_HAL_Driver/Src/stm32f1xx_hal.c.obj
LOAD CMakeFiles/BMP280TEST.dir/Drivers/STM32F1xx_HAL_Driver/Src/stm32f1xx_hal_rcc.c.obj
LOAD CMakeFiles/BMP280TEST.dir/Drivers/STM32F1xx_HAL_Driver/Src/stm32f1xx_hal_rcc_ex.c.obj
LOAD CMakeFiles/BMP280TEST.dir/Drivers/STM32F1xx_HAL_Driver/Src/stm32f1xx_hal_gpio.c.obj
LOAD CMakeFiles/BMP280TEST.dir/Drivers/STM32F1xx_HAL_Driver/Src/stm32f1xx_hal_dma.c.obj
LOAD CMakeFiles/BMP280TEST.dir/Drivers/STM32F1xx_HAL_Driver/Src/stm32f1xx_hal_cortex.c.obj
LOAD CMakeFiles/BMP280TEST.dir/Drivers/STM32F1xx_HAL_Driver/Src/stm32f1xx_hal_pwr.c.obj
LOAD CMakeFiles/BMP280TEST.dir/Drivers/STM32F1xx_HAL_Driver/Src/stm32f1xx_hal_flash.c.obj
LOAD CMakeFiles/BMP280TEST.dir/Drivers/STM32F1xx_HAL_Driver/Src/stm32f1xx_hal_flash_ex.c.obj
LOAD CMakeFiles/BMP280TEST.dir/Drivers/STM32F1xx_HAL_Driver/Src/stm32f1xx_hal_exti.c.obj
LOAD CMakeFiles/BMP280TEST.dir/Drivers/STM32F1xx_HAL_Driver/Src/stm32f1xx_hal_uart.c.obj
LOAD CMakeFiles/BMP280TEST.dir/Core/Src/system_stm32f1xx.c.obj
LOAD CMakeFiles/BMP280TEST.dir/Core/Src/sysmem.c.obj
LOAD CMakeFiles/BMP280TEST.dir/Core/Src/syscalls.c.obj
LOAD CMakeFiles/BMP280TEST.dir/startup_stm32f103xb.s.obj
START GROUP
LOAD /opt/st/stm32cubeclt_1.17.0_2/GNU-tools-for-STM32/bin/../lib/gcc/arm-none-eabi/12.3.1/thumb/v7-m/nofp/libgcc.a
LOAD /opt/st/stm32cubeclt_1.17.0_2/GNU-tools-for-STM32/bin/../lib/gcc/arm-none-eabi/12.3.1/../../../../arm-none-eabi/lib/thumb/v7-m/nofp/libg_nano.a
LOAD /opt/st/stm32cubeclt_1.17.0_2/GNU-tools-for-STM32/bin/../lib/gcc/arm-none-eabi/12.3.1/../../../../arm-none-eabi/lib/thumb/v7-m/nofp/libc_nano.a
END GROUP
START GROUP
LOAD /opt/st/stm32cubeclt_1.17.0_2/GNU-tools-for-STM32/bin/../lib/gcc/arm-none-eabi/12.3.1/thumb/v7-m/nofp/libgcc.a
LOAD /opt/st/stm32cubeclt_1.17.0_2/GNU-tools-for-STM32/bin/../lib/gcc/arm-none-eabi/12.3.1/../../../../arm-none-eabi/lib/thumb/v7-m/nofp/libc_nano.a
END GROUP
LOAD /opt/st/stm32cubeclt_1.17.0_2/GNU-tools-for-STM32/bin/../lib/gcc/arm-none-eabi/12.3.1/thumb/v7-m/nofp/crtend.o
LOAD /opt/st/stm32cubeclt_1.17.0_2/GNU-tools-for-STM32/bin/../lib/gcc/arm-none-eabi/12.3.1/thumb/v7-m/nofp/crtn.o
                0x20005000                        _estack = (ORIGIN (RAM) + LENGTH (RAM))
                0x00000200                        _Min_Heap_Size = 0x200
                0x00000400                        _Min_Stack_Size = 0x400

.isr_vector     0x08000000      0x10c
                0x08000000                        . = ALIGN (0x4)
 *(.isr_vector)
 .isr_vector    0x08000000      0x10c CMakeFiles/BMP280TEST.dir/startup_stm32f103xb.s.obj
                0x08000000                g_pfnVectors
                0x0800010c                        . = ALIGN (0x4)

.text           0x08000110     0x7c14
                0x08000110                        . = ALIGN (0x4)
 *(.text)
 .text          0x08000110       0x40 /opt/st/stm32cubeclt_1.17.0_2/GNU-tools-for-STM32/bin/../lib/gcc/arm-none-eabi/12.3.1/thumb/v7-m/nofp/crtbegin.o
 .text          0x08000150       0x10 /opt/st/stm32cubeclt_1.17.0_2/GNU-tools-for-STM32/bin/../lib/gcc/arm-none-eabi/12.3.1/../../../../arm-none-eabi/lib/thumb/v7-m/nofp/libc_nano.a(libc_a-strlen.o)
                0x08000150                strlen
 .text          0x08000160      0x378 /opt/st/stm32cubeclt_1.17.0_2/GNU-tools-for-STM32/bin/../lib/gcc/arm-none-eabi/12.3.1/thumb/v7-m/nofp/libgcc.a(_arm_addsubdf3.o)
                0x08000160                __aeabi_drsub
                0x08000168                __aeabi_dsub
                0x08000168                __subdf3
                0x0800016c                __adddf3
                0x0800016c                __aeabi_dadd
                0x080003e4                __aeabi_ui2d
                0x080003e4                __floatunsidf
                0x08000404                __floatsidf
                0x08000404                __aeabi_i2d
                0x08000428                __extendsfdf2
                0x08000428                __aeabi_f2d
                0x0800046c                __aeabi_ul2d
                0x0800046c                __floatundidf
                0x0800047c                __floatdidf
                0x0800047c                __aeabi_l2d
 .text          0x080004d8      0x424 /opt/st/stm32cubeclt_1.17.0_2/GNU-tools-for-STM32/bin/../lib/gcc/arm-none-eabi/12.3.1/thumb/v7-m/nofp/libgcc.a(_arm_muldivdf3.o)
                0x080004d8                __aeabi_dmul
                0x080004d8                __muldf3
                0x0800072c                __aeabi_ddiv
                0x0800072c                __divdf3
 .text          0x080008fc      0x110 /opt/st/stm32cubeclt_1.17.0_2/GNU-tools-for-STM32/bin/../lib/gcc/arm-none-eabi/12.3.1/thumb/v7-m/nofp/libgcc.a(_arm_cmpdf2.o)
                0x080008fc                __gtdf2
                0x080008fc                __gedf2
                0x08000904                __ltdf2
                0x08000904                __ledf2
                0x0800090c                __cmpdf2
                0x0800090c                __eqdf2
                0x0800090c                __nedf2
                0x08000988                __aeabi_cdrcmple
                0x08000998                __aeabi_cdcmple
                0x08000998                __aeabi_cdcmpeq
                0x080009a8                __aeabi_dcmpeq
                0x080009bc                __aeabi_dcmplt
                0x080009d0                __aeabi_dcmple
                0x080009e4                __aeabi_dcmpge
                0x080009f8                __aeabi_dcmpgt
 .text          0x08000a0c       0x2c /opt/st/stm32cubeclt_1.17.0_2/GNU-tools-for-STM32/bin/../lib/gcc/arm-none-eabi/12.3.1/thumb/v7-m/nofp/libgcc.a(_arm_unorddf2.o)
                0x08000a0c                __aeabi_dcmpun
                0x08000a0c                __unorddf2
 .text          0x08000a38       0x50 /opt/st/stm32cubeclt_1.17.0_2/GNU-tools-for-STM32/bin/../lib/gcc/arm-none-eabi/12.3.1/thumb/v7-m/nofp/libgcc.a(_arm_fixdfsi.o)
                0x08000a38                __fixdfsi
                0x08000a38                __aeabi_d2iz
 .text          0x08000a88      0x21c /opt/st/stm32cubeclt_1.17.0_2/GNU-tools-for-STM32/bin/../lib/gcc/arm-none-eabi/12.3.1/thumb/v7-m/nofp/libgcc.a(_arm_addsubsf3.o)
                0x08000a88                __aeabi_frsub
                0x08000a90                __subsf3
                0x08000a90                __aeabi_fsub
                0x08000a94                __aeabi_fadd
                0x08000a94                __addsf3
                0x08000bf4                __aeabi_ui2f
                0x08000bf4                __floatunsisf
                0x08000bfc                __aeabi_i2f
                0x08000bfc                __floatsisf
                0x08000c18                __floatundisf
                0x08000c18                __aeabi_ul2f
                0x08000c28                __floatdisf
                0x08000c28                __aeabi_l2f
 .text          0x08000ca4      0x2a0 /opt/st/stm32cubeclt_1.17.0_2/GNU-tools-for-STM32/bin/../lib/gcc/arm-none-eabi/12.3.1/thumb/v7-m/nofp/libgcc.a(_arm_muldivsf3.o)
                0x08000ca4                __mulsf3
                0x08000ca4                __aeabi_fmul
                0x08000e0c                __divsf3
                0x08000e0c                __aeabi_fdiv
 .text          0x08000f44       0xa0 /opt/st/stm32cubeclt_1.17.0_2/GNU-tools-for-STM32/bin/../lib/gcc/arm-none-eabi/12.3.1/thumb/v7-m/nofp/libgcc.a(_aeabi_ldivmod.o)
                0x08000f44                __aeabi_ldivmod
 .text          0x08000fe4      0x2b8 /opt/st/stm32cubeclt_1.17.0_2/GNU-tools-for-STM32/bin/../lib/gcc/arm-none-eabi/12.3.1/thumb/v7-m/nofp/libgcc.a(_udivmoddi4.o)
                0x08000fe4                __udivmoddi4
 .text          0x0800129c        0x4 /opt/st/stm32cubeclt_1.17.0_2/GNU-tools-for-STM32/bin/../lib/gcc/arm-none-eabi/12.3.1/thumb/v7-m/nofp/libgcc.a(_dvmd_tls.o)
                0x0800129c                __aeabi_ldiv0
                0x0800129c                __aeabi_idiv0
 *(.text*)
 .text.__cvt    0x080012a0       0xc8 /opt/st/stm32cubeclt_1.17.0_2/GNU-tools-for-STM32/bin/../lib/gcc/arm-none-eabi/12.3.1/../../../../arm-none-eabi/lib/thumb/v7-m/nofp/libc_nano.a(libc_a-nano-vfprintf_float.o)
                0x080012a0                __cvt
 .text.__exponent
                0x08001368       0x74 /opt/st/stm32cubeclt_1.17.0_2/GNU-tools-for-STM32/bin/../lib/gcc/arm-none-eabi/12.3.1/../../../../arm-none-eabi/lib/thumb/v7-m/nofp/libc_nano.a(libc_a-nano-vfprintf_float.o)
                0x08001368                __exponent
 .text._printf_float
                0x080013dc      0x458 /opt/st/stm32cubeclt_1.17.0_2/GNU-tools-for-STM32/bin/../lib/gcc/arm-none-eabi/12.3.1/../../../../arm-none-eabi/lib/thumb/v7-m/nofp/libc_nano.a(libc_a-nano-vfprintf_float.o)
                0x080013dc                _printf_float
 .text._printf_common
                0x08001834       0xe4 /opt/st/stm32cubeclt_1.17.0_2/GNU-tools-for-STM32/bin/../lib/gcc/arm-none-eabi/12.3.1/../../../../arm-none-eabi/lib/thumb/v7-m/nofp/libc_nano.a(libc_a-nano-vfprintf_i.o)
                0x08001834                _printf_common
 .text._printf_i
                0x08001918      0x240 /opt/st/stm32cubeclt_1.17.0_2/GNU-tools-for-STM32/bin/../lib/gcc/arm-none-eabi/12.3.1/../../../../arm-none-eabi/lib/thumb/v7-m/nofp/libc_nano.a(libc_a-nano-vfprintf_i.o)
                0x08001918                _printf_i
 .text.std      0x08001b58       0x6c /opt/st/stm32cubeclt_1.17.0_2/GNU-tools-for-STM32/bin/../lib/gcc/arm-none-eabi/12.3.1/../../../../arm-none-eabi/lib/thumb/v7-m/nofp/libc_nano.a(libc_a-findfp.o)
 .text.stdio_exit_handler
                0x08001bc4       0x18 /opt/st/stm32cubeclt_1.17.0_2/GNU-tools-for-STM32/bin/../lib/gcc/arm-none-eabi/12.3.1/../../../../arm-none-eabi/lib/thumb/v7-m/nofp/libc_nano.a(libc_a-findfp.o)
 .text.cleanup_stdio
                0x08001bdc       0x40 /opt/st/stm32cubeclt_1.17.0_2/GNU-tools-for-STM32/bin/../lib/gcc/arm-none-eabi/12.3.1/../../../../arm-none-eabi/lib/thumb/v7-m/nofp/libc_nano.a(libc_a-findfp.o)
 .text.global_stdio_init.part.0
                0x08001c1c       0x3c /opt/st/stm32cubeclt_1.17.0_2/GNU-tools-for-STM32/bin/../lib/gcc/arm-none-eabi/12.3.1/../../../../arm-none-eabi/lib/thumb/v7-m/nofp/libc_nano.a(libc_a-findfp.o)
 .text.__sfp_lock_acquire
                0x08001c58        0xc /opt/st/stm32cubeclt_1.17.0_2/GNU-tools-for-STM32/bin/../lib/gcc/arm-none-eabi/12.3.1/../../../../arm-none-eabi/lib/thumb/v7-m/nofp/libc_nano.a(libc_a-findfp.o)
                0x08001c58                __sfp_lock_acquire
 .text.__sfp_lock_release
                0x08001c64        0xc /opt/st/stm32cubeclt_1.17.0_2/GNU-tools-for-STM32/bin/../lib/gcc/arm-none-eabi/12.3.1/../../../../arm-none-eabi/lib/thumb/v7-m/nofp/libc_nano.a(libc_a-findfp.o)
                0x08001c64                __sfp_lock_release
 .text.__sinit  0x08001c70       0x30 /opt/st/stm32cubeclt_1.17.0_2/GNU-tools-for-STM32/bin/../lib/gcc/arm-none-eabi/12.3.1/../../../../arm-none-eabi/lib/thumb/v7-m/nofp/libc_nano.a(libc_a-findfp.o)
                0x08001c70                __sinit
 .text._fwalk_sglue
                0x08001ca0       0x3c /opt/st/stm32cubeclt_1.17.0_2/GNU-tools-for-STM32/bin/../lib/gcc/arm-none-eabi/12.3.1/../../../../arm-none-eabi/lib/thumb/v7-m/nofp/libc_nano.a(libc_a-fwalk.o)
                0x08001ca0                _fwalk_sglue
 .text.__sread  0x08001cdc       0x22 /opt/st/stm32cubeclt_1.17.0_2/GNU-tools-for-STM32/bin/../lib/gcc/arm-none-eabi/12.3.1/../../../../arm-none-eabi/lib/thumb/v7-m/nofp/libc_nano.a(libc_a-stdio.o)
                0x08001cdc                __sread
 .text.__swrite
                0x08001cfe       0x38 /opt/st/stm32cubeclt_1.17.0_2/GNU-tools-for-STM32/bin/../lib/gcc/arm-none-eabi/12.3.1/../../../../arm-none-eabi/lib/thumb/v7-m/nofp/libc_nano.a(libc_a-stdio.o)
                0x08001cfe                __swrite
 .text.__sseek  0x08001d36       0x24 /opt/st/stm32cubeclt_1.17.0_2/GNU-tools-for-STM32/bin/../lib/gcc/arm-none-eabi/12.3.1/../../../../arm-none-eabi/lib/thumb/v7-m/nofp/libc_nano.a(libc_a-stdio.o)
                0x08001d36                __sseek
 .text.__sclose
                0x08001d5a        0x8 /opt/st/stm32cubeclt_1.17.0_2/GNU-tools-for-STM32/bin/../lib/gcc/arm-none-eabi/12.3.1/../../../../arm-none-eabi/lib/thumb/v7-m/nofp/libc_nano.a(libc_a-stdio.o)
                0x08001d5a                __sclose
 .text.memset   0x08001d62       0x10 /opt/st/stm32cubeclt_1.17.0_2/GNU-tools-for-STM32/bin/../lib/gcc/arm-none-eabi/12.3.1/../../../../arm-none-eabi/lib/thumb/v7-m/nofp/libc_nano.a(libc_a-memset.o)
                0x08001d62                memset
 *fill*         0x08001d72        0x2 
 .text._localeconv_r
                0x08001d74        0x8 /opt/st/stm32cubeclt_1.17.0_2/GNU-tools-for-STM32/bin/../lib/gcc/arm-none-eabi/12.3.1/../../../../arm-none-eabi/lib/thumb/v7-m/nofp/libc_nano.a(libc_a-localeconv.o)
                0x08001d74                _localeconv_r
 .text._close_r
                0x08001d7c       0x20 /opt/st/stm32cubeclt_1.17.0_2/GNU-tools-for-STM32/bin/../lib/gcc/arm-none-eabi/12.3.1/../../../../arm-none-eabi/lib/thumb/v7-m/nofp/libc_nano.a(libc_a-closer.o)
                0x08001d7c                _close_r
 .text._lseek_r
                0x08001d9c       0x24 /opt/st/stm32cubeclt_1.17.0_2/GNU-tools-for-STM32/bin/../lib/gcc/arm-none-eabi/12.3.1/../../../../arm-none-eabi/lib/thumb/v7-m/nofp/libc_nano.a(libc_a-lseekr.o)
                0x08001d9c                _lseek_r
 .text._read_r  0x08001dc0       0x24 /opt/st/stm32cubeclt_1.17.0_2/GNU-tools-for-STM32/bin/../lib/gcc/arm-none-eabi/12.3.1/../../../../arm-none-eabi/lib/thumb/v7-m/nofp/libc_nano.a(libc_a-readr.o)
                0x08001dc0                _read_r
 .text._write_r
                0x08001de4       0x24 /opt/st/stm32cubeclt_1.17.0_2/GNU-tools-for-STM32/bin/../lib/gcc/arm-none-eabi/12.3.1/../../../../arm-none-eabi/lib/thumb/v7-m/nofp/libc_nano.a(libc_a-writer.o)
                0x08001de4                _write_r
 .text.__libc_init_array
                0x08001e08       0x48 /opt/st/stm32cubeclt_1.17.0_2/GNU-tools-for-STM32/bin/../lib/gcc/arm-none-eabi/12.3.1/../../../../arm-none-eabi/lib/thumb/v7-m/nofp/libc_nano.a(libc_a-init.o)
                0x08001e08                __libc_init_array
 .text.__retarget_lock_init_recursive
                0x08001e50        0x2 /opt/st/stm32cubeclt_1.17.0_2/GNU-tools-for-STM32/bin/../lib/gcc/arm-none-eabi/12.3.1/../../../../arm-none-eabi/lib/thumb/v7-m/nofp/libc_nano.a(libc_a-lock.o)
                0x08001e50                __retarget_lock_init_recursive
 .text.__retarget_lock_acquire_recursive
                0x08001e52        0x2 /opt/st/stm32cubeclt_1.17.0_2/GNU-tools-for-STM32/bin/../lib/gcc/arm-none-eabi/12.3.1/../../../../arm-none-eabi/lib/thumb/v7-m/nofp/libc_nano.a(libc_a-lock.o)
                0x08001e52                __retarget_lock_acquire_recursive
 .text.__retarget_lock_release_recursive
                0x08001e54        0x2 /opt/st/stm32cubeclt_1.17.0_2/GNU-tools-for-STM32/bin/../lib/gcc/arm-none-eabi/12.3.1/../../../../arm-none-eabi/lib/thumb/v7-m/nofp/libc_nano.a(libc_a-lock.o)
                0x08001e54                __retarget_lock_release_recursive
 .text.memchr   0x08001e56       0x1c /opt/st/stm32cubeclt_1.17.0_2/GNU-tools-for-STM32/bin/../lib/gcc/arm-none-eabi/12.3.1/../../../../arm-none-eabi/lib/thumb/v7-m/nofp/libc_nano.a(libc_a-memchr-stub.o)
                0x08001e56                memchr
 .text.quorem   0x08001e72      0x110 /opt/st/stm32cubeclt_1.17.0_2/GNU-tools-for-STM32/bin/../lib/gcc/arm-none-eabi/12.3.1/../../../../arm-none-eabi/lib/thumb/v7-m/nofp/libc_nano.a(libc_a-dtoa.o)
 *fill*         0x08001f82        0x6 
 .text._dtoa_r  0x08001f88      0xb90 /opt/st/stm32cubeclt_1.17.0_2/GNU-tools-for-STM32/bin/../lib/gcc/arm-none-eabi/12.3.1/../../../../arm-none-eabi/lib/thumb/v7-m/nofp/libc_nano.a(libc_a-dtoa.o)
                0x08001f88                _dtoa_r
 .text._free_r  0x08002b18       0x90 /opt/st/stm32cubeclt_1.17.0_2/GNU-tools-for-STM32/bin/../lib/gcc/arm-none-eabi/12.3.1/../../../../arm-none-eabi/lib/thumb/v7-m/nofp/libc_nano.a(libc_a-freer.o)
                0x08002b18                _free_r
 .text.malloc   0x08002ba8       0x10 /opt/st/stm32cubeclt_1.17.0_2/GNU-tools-for-STM32/bin/../lib/gcc/arm-none-eabi/12.3.1/../../../../arm-none-eabi/lib/thumb/v7-m/nofp/libc_nano.a(libc_a-malloc.o)
                0x08002ba8                malloc
 .text.sbrk_aligned
                0x08002bb8       0x44 /opt/st/stm32cubeclt_1.17.0_2/GNU-tools-for-STM32/bin/../lib/gcc/arm-none-eabi/12.3.1/../../../../arm-none-eabi/lib/thumb/v7-m/nofp/libc_nano.a(libc_a-mallocr.o)
 .text._malloc_r
                0x08002bfc      0x100 /opt/st/stm32cubeclt_1.17.0_2/GNU-tools-for-STM32/bin/../lib/gcc/arm-none-eabi/12.3.1/../../../../arm-none-eabi/lib/thumb/v7-m/nofp/libc_nano.a(libc_a-mallocr.o)
                0x08002bfc                _malloc_r
 .text.__malloc_lock
                0x08002cfc        0xc /opt/st/stm32cubeclt_1.17.0_2/GNU-tools-for-STM32/bin/../lib/gcc/arm-none-eabi/12.3.1/../../../../arm-none-eabi/lib/thumb/v7-m/nofp/libc_nano.a(libc_a-mlock.o)
                0x08002cfc                __malloc_lock
 .text.__malloc_unlock
                0x08002d08        0xc /opt/st/stm32cubeclt_1.17.0_2/GNU-tools-for-STM32/bin/../lib/gcc/arm-none-eabi/12.3.1/../../../../arm-none-eabi/lib/thumb/v7-m/nofp/libc_nano.a(libc_a-mlock.o)
                0x08002d08                __malloc_unlock
 .text._Balloc  0x08002d14       0x80 /opt/st/stm32cubeclt_1.17.0_2/GNU-tools-for-STM32/bin/../lib/gcc/arm-none-eabi/12.3.1/../../../../arm-none-eabi/lib/thumb/v7-m/nofp/libc_nano.a(libc_a-mprec.o)
                0x08002d14                _Balloc
 .text._Bfree   0x08002d94       0x44 /opt/st/stm32cubeclt_1.17.0_2/GNU-tools-for-STM32/bin/../lib/gcc/arm-none-eabi/12.3.1/../../../../arm-none-eabi/lib/thumb/v7-m/nofp/libc_nano.a(libc_a-mprec.o)
                0x08002d94                _Bfree
 .text.__multadd
                0x08002dd8       0x8c /opt/st/stm32cubeclt_1.17.0_2/GNU-tools-for-STM32/bin/../lib/gcc/arm-none-eabi/12.3.1/../../../../arm-none-eabi/lib/thumb/v7-m/nofp/libc_nano.a(libc_a-mprec.o)
                0x08002dd8                __multadd
 .text.__hi0bits
                0x08002e64       0x3e /opt/st/stm32cubeclt_1.17.0_2/GNU-tools-for-STM32/bin/../lib/gcc/arm-none-eabi/12.3.1/../../../../arm-none-eabi/lib/thumb/v7-m/nofp/libc_nano.a(libc_a-mprec.o)
                0x08002e64                __hi0bits
 .text.__lo0bits
                0x08002ea2       0x5a /opt/st/stm32cubeclt_1.17.0_2/GNU-tools-for-STM32/bin/../lib/gcc/arm-none-eabi/12.3.1/../../../../arm-none-eabi/lib/thumb/v7-m/nofp/libc_nano.a(libc_a-mprec.o)
                0x08002ea2                __lo0bits
 .text.__i2b    0x08002efc       0x2c /opt/st/stm32cubeclt_1.17.0_2/GNU-tools-for-STM32/bin/../lib/gcc/arm-none-eabi/12.3.1/../../../../arm-none-eabi/lib/thumb/v7-m/nofp/libc_nano.a(libc_a-mprec.o)
                0x08002efc                __i2b
 .text.__multiply
                0x08002f28      0x150 /opt/st/stm32cubeclt_1.17.0_2/GNU-tools-for-STM32/bin/../lib/gcc/arm-none-eabi/12.3.1/../../../../arm-none-eabi/lib/thumb/v7-m/nofp/libc_nano.a(libc_a-mprec.o)
                0x08002f28                __multiply
 .text.__pow5mult
                0x08003078       0xb4 /opt/st/stm32cubeclt_1.17.0_2/GNU-tools-for-STM32/bin/../lib/gcc/arm-none-eabi/12.3.1/../../../../arm-none-eabi/lib/thumb/v7-m/nofp/libc_nano.a(libc_a-mprec.o)
                0x08003078                __pow5mult
 .text.__lshift
                0x0800312c       0xd8 /opt/st/stm32cubeclt_1.17.0_2/GNU-tools-for-STM32/bin/../lib/gcc/arm-none-eabi/12.3.1/../../../../arm-none-eabi/lib/thumb/v7-m/nofp/libc_nano.a(libc_a-mprec.o)
                0x0800312c                __lshift
 .text.__mcmp   0x08003204       0x36 /opt/st/stm32cubeclt_1.17.0_2/GNU-tools-for-STM32/bin/../lib/gcc/arm-none-eabi/12.3.1/../../../../arm-none-eabi/lib/thumb/v7-m/nofp/libc_nano.a(libc_a-mprec.o)
                0x08003204                __mcmp
 *fill*         0x0800323a        0x2 
 .text.__mdiff  0x0800323c      0x128 /opt/st/stm32cubeclt_1.17.0_2/GNU-tools-for-STM32/bin/../lib/gcc/arm-none-eabi/12.3.1/../../../../arm-none-eabi/lib/thumb/v7-m/nofp/libc_nano.a(libc_a-mprec.o)
                0x0800323c                __mdiff
 .text.__d2b    0x08003364       0xb0 /opt/st/stm32cubeclt_1.17.0_2/GNU-tools-for-STM32/bin/../lib/gcc/arm-none-eabi/12.3.1/../../../../arm-none-eabi/lib/thumb/v7-m/nofp/libc_nano.a(libc_a-mprec.o)
                0x08003364                __d2b
 .text.__sflush_r
                0x08003414      0x100 /opt/st/stm32cubeclt_1.17.0_2/GNU-tools-for-STM32/bin/../lib/gcc/arm-none-eabi/12.3.1/../../../../arm-none-eabi/lib/thumb/v7-m/nofp/libc_nano.a(libc_a-fflush.o)
                0x08003414                __sflush_r
 .text._fflush_r
                0x08003514       0x50 /opt/st/stm32cubeclt_1.17.0_2/GNU-tools-for-STM32/bin/../lib/gcc/arm-none-eabi/12.3.1/../../../../arm-none-eabi/lib/thumb/v7-m/nofp/libc_nano.a(libc_a-fflush.o)
                0x08003514                _fflush_r
 .text._sbrk_r  0x08003564       0x20 /opt/st/stm32cubeclt_1.17.0_2/GNU-tools-for-STM32/bin/../lib/gcc/arm-none-eabi/12.3.1/../../../../arm-none-eabi/lib/thumb/v7-m/nofp/libc_nano.a(libc_a-sbrkr.o)
                0x08003564                _sbrk_r
 .text.memcpy   0x08003584       0x1c /opt/st/stm32cubeclt_1.17.0_2/GNU-tools-for-STM32/bin/../lib/gcc/arm-none-eabi/12.3.1/../../../../arm-none-eabi/lib/thumb/v7-m/nofp/libc_nano.a(libc_a-memcpy-stub.o)
                0x08003584                memcpy
 .text.__assert_func
                0x080035a0       0x3c /opt/st/stm32cubeclt_1.17.0_2/GNU-tools-for-STM32/bin/../lib/gcc/arm-none-eabi/12.3.1/../../../../arm-none-eabi/lib/thumb/v7-m/nofp/libc_nano.a(libc_a-assert.o)
                0x080035a0                __assert_func
 .text._calloc_r
                0x080035dc       0x28 /opt/st/stm32cubeclt_1.17.0_2/GNU-tools-for-STM32/bin/../lib/gcc/arm-none-eabi/12.3.1/../../../../arm-none-eabi/lib/thumb/v7-m/nofp/libc_nano.a(libc_a-callocr.o)
                0x080035dc                _calloc_r
 .text.__ascii_mbtowc
                0x08003604       0x24 /opt/st/stm32cubeclt_1.17.0_2/GNU-tools-for-STM32/bin/../lib/gcc/arm-none-eabi/12.3.1/../../../../arm-none-eabi/lib/thumb/v7-m/nofp/libc_nano.a(libc_a-mbtowc_r.o)
                0x08003604                __ascii_mbtowc
 .text.__ascii_wctomb
                0x08003628       0x1a /opt/st/stm32cubeclt_1.17.0_2/GNU-tools-for-STM32/bin/../lib/gcc/arm-none-eabi/12.3.1/../../../../arm-none-eabi/lib/thumb/v7-m/nofp/libc_nano.a(libc_a-wctomb_r.o)
                0x08003628                __ascii_wctomb
 *fill*         0x08003642        0x2 
 .text.fprintf  0x08003644       0x24 /opt/st/stm32cubeclt_1.17.0_2/GNU-tools-for-STM32/bin/../lib/gcc/arm-none-eabi/12.3.1/../../../../arm-none-eabi/lib/thumb/v7-m/nofp/libc_nano.a(libc_a-fprintf.o)
                0x08003644                fprintf
                0x08003644                fiprintf
 .text.abort    0x08003668        0xe /opt/st/stm32cubeclt_1.17.0_2/GNU-tools-for-STM32/bin/../lib/gcc/arm-none-eabi/12.3.1/../../../../arm-none-eabi/lib/thumb/v7-m/nofp/libc_nano.a(libc_a-abort.o)
                0x08003668                abort
 .text.__sfputc_r
                0x08003676       0x2a /opt/st/stm32cubeclt_1.17.0_2/GNU-tools-for-STM32/bin/../lib/gcc/arm-none-eabi/12.3.1/../../../../arm-none-eabi/lib/thumb/v7-m/nofp/libc_nano.a(libc_a-nano-vfprintf.o)
 .text.__sfputs_r
                0x080036a0       0x24 /opt/st/stm32cubeclt_1.17.0_2/GNU-tools-for-STM32/bin/../lib/gcc/arm-none-eabi/12.3.1/../../../../arm-none-eabi/lib/thumb/v7-m/nofp/libc_nano.a(libc_a-nano-vfprintf.o)
                0x080036a0                __sfputs_r
 .text._vfprintf_r
                0x080036c4      0x230 /opt/st/stm32cubeclt_1.17.0_2/GNU-tools-for-STM32/bin/../lib/gcc/arm-none-eabi/12.3.1/../../../../arm-none-eabi/lib/thumb/v7-m/nofp/libc_nano.a(libc_a-nano-vfprintf.o)
                0x080036c4                _vfiprintf_r
                0x080036c4                _vfprintf_r
 .text.__swbuf_r
                0x080038f4       0x7c /opt/st/stm32cubeclt_1.17.0_2/GNU-tools-for-STM32/bin/../lib/gcc/arm-none-eabi/12.3.1/../../../../arm-none-eabi/lib/thumb/v7-m/nofp/libc_nano.a(libc_a-wbuf.o)
                0x080038f4                __swbuf_r
 .text.__swsetup_r
                0x08003970       0xac /opt/st/stm32cubeclt_1.17.0_2/GNU-tools-for-STM32/bin/../lib/gcc/arm-none-eabi/12.3.1/../../../../arm-none-eabi/lib/thumb/v7-m/nofp/libc_nano.a(libc_a-wsetup.o)
                0x08003970                __swsetup_r
 .text.memmove  0x08003a1c       0x34 /opt/st/stm32cubeclt_1.17.0_2/GNU-tools-for-STM32/bin/../lib/gcc/arm-none-eabi/12.3.1/../../../../arm-none-eabi/lib/thumb/v7-m/nofp/libc_nano.a(libc_a-memmove.o)
                0x08003a1c                memmove
 .text._raise_r
                0x08003a50       0x50 /opt/st/stm32cubeclt_1.17.0_2/GNU-tools-for-STM32/bin/../lib/gcc/arm-none-eabi/12.3.1/../../../../arm-none-eabi/lib/thumb/v7-m/nofp/libc_nano.a(libc_a-signal.o)
                0x08003a50                _raise_r
 .text.raise    0x08003aa0       0x10 /opt/st/stm32cubeclt_1.17.0_2/GNU-tools-for-STM32/bin/../lib/gcc/arm-none-eabi/12.3.1/../../../../arm-none-eabi/lib/thumb/v7-m/nofp/libc_nano.a(libc_a-signal.o)
                0x08003aa0                raise
 .text._kill_r  0x08003ab0       0x24 /opt/st/stm32cubeclt_1.17.0_2/GNU-tools-for-STM32/bin/../lib/gcc/arm-none-eabi/12.3.1/../../../../arm-none-eabi/lib/thumb/v7-m/nofp/libc_nano.a(libc_a-signalr.o)
                0x08003ab0                _kill_r
 .text._getpid_r
                0x08003ad4        0x4 /opt/st/stm32cubeclt_1.17.0_2/GNU-tools-for-STM32/bin/../lib/gcc/arm-none-eabi/12.3.1/../../../../arm-none-eabi/lib/thumb/v7-m/nofp/libc_nano.a(libc_a-signalr.o)
                0x08003ad4                _getpid_r
 .text._realloc_r
                0x08003ad8       0x5c /opt/st/stm32cubeclt_1.17.0_2/GNU-tools-for-STM32/bin/../lib/gcc/arm-none-eabi/12.3.1/../../../../arm-none-eabi/lib/thumb/v7-m/nofp/libc_nano.a(libc_a-reallocr.o)
                0x08003ad8                _realloc_r
 .text.__swhatbuf_r
                0x08003b34       0x4a /opt/st/stm32cubeclt_1.17.0_2/GNU-tools-for-STM32/bin/../lib/gcc/arm-none-eabi/12.3.1/../../../../arm-none-eabi/lib/thumb/v7-m/nofp/libc_nano.a(libc_a-makebuf.o)
                0x08003b34                __swhatbuf_r
 .text.__smakebuf_r
                0x08003b7e       0x78 /opt/st/stm32cubeclt_1.17.0_2/GNU-tools-for-STM32/bin/../lib/gcc/arm-none-eabi/12.3.1/../../../../arm-none-eabi/lib/thumb/v7-m/nofp/libc_nano.a(libc_a-makebuf.o)
                0x08003b7e                __smakebuf_r
 *fill*         0x08003bf6        0x2 
 .text._fstat_r
                0x08003bf8       0x24 /opt/st/stm32cubeclt_1.17.0_2/GNU-tools-for-STM32/bin/../lib/gcc/arm-none-eabi/12.3.1/../../../../arm-none-eabi/lib/thumb/v7-m/nofp/libc_nano.a(libc_a-fstatr.o)
                0x08003bf8                _fstat_r
 .text._isatty_r
                0x08003c1c       0x20 /opt/st/stm32cubeclt_1.17.0_2/GNU-tools-for-STM32/bin/../lib/gcc/arm-none-eabi/12.3.1/../../../../arm-none-eabi/lib/thumb/v7-m/nofp/libc_nano.a(libc_a-isattyr.o)
                0x08003c1c                _isatty_r
 .text._malloc_usable_size_r
                0x08003c3c       0x10 /opt/st/stm32cubeclt_1.17.0_2/GNU-tools-for-STM32/bin/../lib/gcc/arm-none-eabi/12.3.1/../../../../arm-none-eabi/lib/thumb/v7-m/nofp/libc_nano.a(libc_a-msizer.o)
                0x08003c3c                _malloc_usable_size_r
 .text.bmp280_init_default_params
                0x08003c4c       0x36 CMakeFiles/BMP280TEST.dir/Core/Src/bmp280.c.obj
                0x08003c4c                bmp280_init_default_params
 .text.read_register16
                0x08003c82       0x5e CMakeFiles/BMP280TEST.dir/Core/Src/bmp280.c.obj
 .text.read_data
                0x08003ce0       0x50 CMakeFiles/BMP280TEST.dir/Core/Src/bmp280.c.obj
 .text.read_calibration_data
                0x08003d30      0x104 CMakeFiles/BMP280TEST.dir/Core/Src/bmp280.c.obj
 .text.read_hum_calibration_data
                0x08003e34       0xc0 CMakeFiles/BMP280TEST.dir/Core/Src/bmp280.c.obj
 .text.write_register8
                0x08003ef4       0x4a CMakeFiles/BMP280TEST.dir/Core/Src/bmp280.c.obj
 .text.bmp280_init
                0x08003f3e      0x15a CMakeFiles/BMP280TEST.dir/Core/Src/bmp280.c.obj
                0x08003f3e                bmp280_init
 .text.compensate_temperature
                0x08004098       0x70 CMakeFiles/BMP280TEST.dir/Core/Src/bmp280.c.obj
 .text.compensate_pressure
                0x08004108      0x574 CMakeFiles/BMP280TEST.dir/Core/Src/bmp280.c.obj
 .text.compensate_humidity
                0x0800467c       0xbc CMakeFiles/BMP280TEST.dir/Core/Src/bmp280.c.obj
 .text.bmp280_read_fixed
                0x08004738       0xca CMakeFiles/BMP280TEST.dir/Core/Src/bmp280.c.obj
                0x08004738                bmp280_read_fixed
 *fill*         0x08004802        0x2 
 .text.bmp280_read_float
                0x08004804       0x6c CMakeFiles/BMP280TEST.dir/Core/Src/bmp280.c.obj
                0x08004804                bmp280_read_float
 .text.HD44780_Init
                0x08004870      0x108 CMakeFiles/BMP280TEST.dir/Core/Src/liquidcrystal_i2c.c.obj
                0x08004870                HD44780_Init
 .text.HD44780_Clear
                0x08004978       0x16 CMakeFiles/BMP280TEST.dir/Core/Src/liquidcrystal_i2c.c.obj
                0x08004978                HD44780_Clear
 .text.HD44780_Home
                0x0800498e       0x16 CMakeFiles/BMP280TEST.dir/Core/Src/liquidcrystal_i2c.c.obj
                0x0800498e                HD44780_Home
 .text.HD44780_SetCursor
                0x080049a4       0x64 CMakeFiles/BMP280TEST.dir/Core/Src/liquidcrystal_i2c.c.obj
                0x080049a4                HD44780_SetCursor
 .text.HD44780_Display
                0x08004a08       0x2c CMakeFiles/BMP280TEST.dir/Core/Src/liquidcrystal_i2c.c.obj
                0x08004a08                HD44780_Display
 .text.HD44780_CreateSpecialChar
                0x08004a34       0x52 CMakeFiles/BMP280TEST.dir/Core/Src/liquidcrystal_i2c.c.obj
                0x08004a34                HD44780_CreateSpecialChar
 .text.HD44780_PrintStr
                0x08004a86       0x2a CMakeFiles/BMP280TEST.dir/Core/Src/liquidcrystal_i2c.c.obj
                0x08004a86                HD44780_PrintStr
 .text.SendCommand
                0x08004ab0       0x1c CMakeFiles/BMP280TEST.dir/Core/Src/liquidcrystal_i2c.c.obj
 .text.SendChar
                0x08004acc       0x1c CMakeFiles/BMP280TEST.dir/Core/Src/liquidcrystal_i2c.c.obj
 .text.Send     0x08004ae8       0x42 CMakeFiles/BMP280TEST.dir/Core/Src/liquidcrystal_i2c.c.obj
 .text.Write4Bits
                0x08004b2a       0x22 CMakeFiles/BMP280TEST.dir/Core/Src/liquidcrystal_i2c.c.obj
 .text.ExpanderWrite
                0x08004b4c       0x38 CMakeFiles/BMP280TEST.dir/Core/Src/liquidcrystal_i2c.c.obj
 .text.PulseEnable
                0x08004b84       0x3a CMakeFiles/BMP280TEST.dir/Core/Src/liquidcrystal_i2c.c.obj
 *fill*         0x08004bbe        0x2 
 .text.DelayInit
                0x08004bc0       0x50 CMakeFiles/BMP280TEST.dir/Core/Src/liquidcrystal_i2c.c.obj
 .text.DelayUS  0x08004c10       0x4c CMakeFiles/BMP280TEST.dir/Core/Src/liquidcrystal_i2c.c.obj
 .text.main     0x08004c5c      0x1d4 CMakeFiles/BMP280TEST.dir/Core/Src/main.c.obj
                0x08004c5c                main
 .text.SystemClock_Config
                0x08004e30       0x8a CMakeFiles/BMP280TEST.dir/Core/Src/main.c.obj
                0x08004e30                SystemClock_Config
 *fill*         0x08004eba        0x2 
 .text.MX_I2C1_Init
                0x08004ebc       0x5c CMakeFiles/BMP280TEST.dir/Core/Src/main.c.obj
 .text.MX_USART1_UART_Init
                0x08004f18       0x54 CMakeFiles/BMP280TEST.dir/Core/Src/main.c.obj
 .text.MX_GPIO_Init
                0x08004f6c       0xac CMakeFiles/BMP280TEST.dir/Core/Src/main.c.obj
 .text.Error_Handler
                0x08005018        0xc CMakeFiles/BMP280TEST.dir/Core/Src/main.c.obj
                0x08005018                Error_Handler
 .text.NMI_Handler
                0x08005024        0x8 CMakeFiles/BMP280TEST.dir/Core/Src/stm32f1xx_it.c.obj
                0x08005024                NMI_Handler
 .text.HardFault_Handler
                0x0800502c        0x8 CMakeFiles/BMP280TEST.dir/Core/Src/stm32f1xx_it.c.obj
                0x0800502c                HardFault_Handler
 .text.MemManage_Handler
                0x08005034        0x8 CMakeFiles/BMP280TEST.dir/Core/Src/stm32f1xx_it.c.obj
                0x08005034                MemManage_Handler
 .text.BusFault_Handler
                0x0800503c        0x8 CMakeFiles/BMP280TEST.dir/Core/Src/stm32f1xx_it.c.obj
                0x0800503c                BusFault_Handler
 .text.UsageFault_Handler
                0x08005044        0x8 CMakeFiles/BMP280TEST.dir/Core/Src/stm32f1xx_it.c.obj
                0x08005044                UsageFault_Handler
 .text.SVC_Handler
                0x0800504c        0xc CMakeFiles/BMP280TEST.dir/Core/Src/stm32f1xx_it.c.obj
                0x0800504c                SVC_Handler
 .text.DebugMon_Handler
                0x08005058        0xc CMakeFiles/BMP280TEST.dir/Core/Src/stm32f1xx_it.c.obj
                0x08005058                DebugMon_Handler
 .text.PendSV_Handler
                0x08005064        0xc CMakeFiles/BMP280TEST.dir/Core/Src/stm32f1xx_it.c.obj
                0x08005064                PendSV_Handler
 .text.SysTick_Handler
                0x08005070        0xc CMakeFiles/BMP280TEST.dir/Core/Src/stm32f1xx_it.c.obj
                0x08005070                SysTick_Handler
 .text.HAL_MspInit
                0x0800507c       0x64 CMakeFiles/BMP280TEST.dir/Core/Src/stm32f1xx_hal_msp.c.obj
                0x0800507c                HAL_MspInit
 .text.HAL_I2C_MspInit
                0x080050e0       0x7c CMakeFiles/BMP280TEST.dir/Core/Src/stm32f1xx_hal_msp.c.obj
                0x080050e0                HAL_I2C_MspInit
 .text.HAL_UART_MspInit
                0x0800515c       0x98 CMakeFiles/BMP280TEST.dir/Core/Src/stm32f1xx_hal_msp.c.obj
                0x0800515c                HAL_UART_MspInit
 .text.HAL_I2C_Init
                0x080051f4      0x288 CMakeFiles/BMP280TEST.dir/Drivers/STM32F1xx_HAL_Driver/Src/stm32f1xx_hal_i2c.c.obj
                0x080051f4                HAL_I2C_Init
 .text.HAL_I2C_Master_Transmit
                0x0800547c      0x1fc CMakeFiles/BMP280TEST.dir/Drivers/STM32F1xx_HAL_Driver/Src/stm32f1xx_hal_i2c.c.obj
                0x0800547c                HAL_I2C_Master_Transmit
 .text.HAL_I2C_Mem_Write
                0x08005678      0x1f4 CMakeFiles/BMP280TEST.dir/Drivers/STM32F1xx_HAL_Driver/Src/stm32f1xx_hal_i2c.c.obj
                0x08005678                HAL_I2C_Mem_Write
 .text.HAL_I2C_Mem_Read
                0x0800586c      0x4e8 CMakeFiles/BMP280TEST.dir/Drivers/STM32F1xx_HAL_Driver/Src/stm32f1xx_hal_i2c.c.obj
                0x0800586c                HAL_I2C_Mem_Read
 .text.I2C_MasterRequestWrite
                0x08005d54      0x104 CMakeFiles/BMP280TEST.dir/Drivers/STM32F1xx_HAL_Driver/Src/stm32f1xx_hal_i2c.c.obj
 .text.I2C_RequestMemoryWrite
                0x08005e58      0x12c CMakeFiles/BMP280TEST.dir/Drivers/STM32F1xx_HAL_Driver/Src/stm32f1xx_hal_i2c.c.obj
 .text.I2C_RequestMemoryRead
                0x08005f84      0x1d0 CMakeFiles/BMP280TEST.dir/Drivers/STM32F1xx_HAL_Driver/Src/stm32f1xx_hal_i2c.c.obj
 .text.I2C_WaitOnFlagUntilTimeout
                0x08006154       0xf4 CMakeFiles/BMP280TEST.dir/Drivers/STM32F1xx_HAL_Driver/Src/stm32f1xx_hal_i2c.c.obj
 .text.I2C_WaitOnMasterAddressFlagUntilTimeout
                0x08006248      0x140 CMakeFiles/BMP280TEST.dir/Drivers/STM32F1xx_HAL_Driver/Src/stm32f1xx_hal_i2c.c.obj
 .text.I2C_WaitOnTXEFlagUntilTimeout
                0x08006388       0x90 CMakeFiles/BMP280TEST.dir/Drivers/STM32F1xx_HAL_Driver/Src/stm32f1xx_hal_i2c.c.obj
 .text.I2C_WaitOnBTFFlagUntilTimeout
                0x08006418       0x90 CMakeFiles/BMP280TEST.dir/Drivers/STM32F1xx_HAL_Driver/Src/stm32f1xx_hal_i2c.c.obj
 .text.I2C_WaitOnRXNEFlagUntilTimeout
                0x080064a8       0xba CMakeFiles/BMP280TEST.dir/Drivers/STM32F1xx_HAL_Driver/Src/stm32f1xx_hal_i2c.c.obj
 .text.I2C_IsAcknowledgeFailed
                0x08006562       0x5c CMakeFiles/BMP280TEST.dir/Drivers/STM32F1xx_HAL_Driver/Src/stm32f1xx_hal_i2c.c.obj
 *fill*         0x080065be        0x2 
 .text.HAL_Init
                0x080065c0       0x2c CMakeFiles/BMP280TEST.dir/Drivers/STM32F1xx_HAL_Driver/Src/stm32f1xx_hal.c.obj
                0x080065c0                HAL_Init
 .text.HAL_InitTick
                0x080065ec       0x60 CMakeFiles/BMP280TEST.dir/Drivers/STM32F1xx_HAL_Driver/Src/stm32f1xx_hal.c.obj
                0x080065ec                HAL_InitTick
 .text.HAL_IncTick
                0x0800664c       0x24 CMakeFiles/BMP280TEST.dir/Drivers/STM32F1xx_HAL_Driver/Src/stm32f1xx_hal.c.obj
                0x0800664c                HAL_IncTick
 .text.HAL_GetTick
                0x08006670       0x14 CMakeFiles/BMP280TEST.dir/Drivers/STM32F1xx_HAL_Driver/Src/stm32f1xx_hal.c.obj
                0x08006670                HAL_GetTick
 .text.HAL_Delay
                0x08006684       0x48 CMakeFiles/BMP280TEST.dir/Drivers/STM32F1xx_HAL_Driver/Src/stm32f1xx_hal.c.obj
                0x08006684                HAL_Delay
 .text.HAL_RCC_OscConfig
                0x080066cc      0x504 CMakeFiles/BMP280TEST.dir/Drivers/STM32F1xx_HAL_Driver/Src/stm32f1xx_hal_rcc.c.obj
                0x080066cc                HAL_RCC_OscConfig
 .text.HAL_RCC_ClockConfig
                0x08006bd0      0x1d4 CMakeFiles/BMP280TEST.dir/Drivers/STM32F1xx_HAL_Driver/Src/stm32f1xx_hal_rcc.c.obj
                0x08006bd0                HAL_RCC_ClockConfig
 .text.HAL_RCC_GetSysClockFreq
                0x08006da4       0xa8 CMakeFiles/BMP280TEST.dir/Drivers/STM32F1xx_HAL_Driver/Src/stm32f1xx_hal_rcc.c.obj
                0x08006da4                HAL_RCC_GetSysClockFreq
 .text.HAL_RCC_GetHCLKFreq
                0x08006e4c       0x14 CMakeFiles/BMP280TEST.dir/Drivers/STM32F1xx_HAL_Driver/Src/stm32f1xx_hal_rcc.c.obj
                0x08006e4c                HAL_RCC_GetHCLKFreq
 .text.HAL_RCC_GetPCLK1Freq
                0x08006e60       0x28 CMakeFiles/BMP280TEST.dir/Drivers/STM32F1xx_HAL_Driver/Src/stm32f1xx_hal_rcc.c.obj
                0x08006e60                HAL_RCC_GetPCLK1Freq
 .text.HAL_RCC_GetPCLK2Freq
                0x08006e88       0x28 CMakeFiles/BMP280TEST.dir/Drivers/STM32F1xx_HAL_Driver/Src/stm32f1xx_hal_rcc.c.obj
                0x08006e88                HAL_RCC_GetPCLK2Freq
 .text.RCC_Delay
                0x08006eb0       0x3c CMakeFiles/BMP280TEST.dir/Drivers/STM32F1xx_HAL_Driver/Src/stm32f1xx_hal_rcc.c.obj
 .text.HAL_GPIO_Init
                0x08006eec      0x308 CMakeFiles/BMP280TEST.dir/Drivers/STM32F1xx_HAL_Driver/Src/stm32f1xx_hal_gpio.c.obj
                0x08006eec                HAL_GPIO_Init
 .text.HAL_GPIO_WritePin
                0x080071f4       0x30 CMakeFiles/BMP280TEST.dir/Drivers/STM32F1xx_HAL_Driver/Src/stm32f1xx_hal_gpio.c.obj
                0x080071f4                HAL_GPIO_WritePin
 .text.__NVIC_SetPriorityGrouping
                0x08007224       0x48 CMakeFiles/BMP280TEST.dir/Drivers/STM32F1xx_HAL_Driver/Src/stm32f1xx_hal_cortex.c.obj
 .text.__NVIC_GetPriorityGrouping
                0x0800726c       0x1c CMakeFiles/BMP280TEST.dir/Drivers/STM32F1xx_HAL_Driver/Src/stm32f1xx_hal_cortex.c.obj
 .text.__NVIC_SetPriority
                0x08007288       0x54 CMakeFiles/BMP280TEST.dir/Drivers/STM32F1xx_HAL_Driver/Src/stm32f1xx_hal_cortex.c.obj
 .text.NVIC_EncodePriority
                0x080072dc       0x64 CMakeFiles/BMP280TEST.dir/Drivers/STM32F1xx_HAL_Driver/Src/stm32f1xx_hal_cortex.c.obj
 .text.SysTick_Config
                0x08007340       0x44 CMakeFiles/BMP280TEST.dir/Drivers/STM32F1xx_HAL_Driver/Src/stm32f1xx_hal_cortex.c.obj
 .text.HAL_NVIC_SetPriorityGrouping
                0x08007384       0x16 CMakeFiles/BMP280TEST.dir/Drivers/STM32F1xx_HAL_Driver/Src/stm32f1xx_hal_cortex.c.obj
                0x08007384                HAL_NVIC_SetPriorityGrouping
 .text.HAL_NVIC_SetPriority
                0x0800739a       0x38 CMakeFiles/BMP280TEST.dir/Drivers/STM32F1xx_HAL_Driver/Src/stm32f1xx_hal_cortex.c.obj
                0x0800739a                HAL_NVIC_SetPriority
 .text.HAL_SYSTICK_Config
                0x080073d2       0x18 CMakeFiles/BMP280TEST.dir/Drivers/STM32F1xx_HAL_Driver/Src/stm32f1xx_hal_cortex.c.obj
                0x080073d2                HAL_SYSTICK_Config
 .text.HAL_UART_Init
                0x080073ea       0xa0 CMakeFiles/BMP280TEST.dir/Drivers/STM32F1xx_HAL_Driver/Src/stm32f1xx_hal_uart.c.obj
                0x080073ea                HAL_UART_Init
 .text.HAL_UART_Transmit
                0x0800748a      0x116 CMakeFiles/BMP280TEST.dir/Drivers/STM32F1xx_HAL_Driver/Src/stm32f1xx_hal_uart.c.obj
                0x0800748a                HAL_UART_Transmit
 .text.UART_WaitOnFlagUntilTimeout
                0x080075a0       0xb2 CMakeFiles/BMP280TEST.dir/Drivers/STM32F1xx_HAL_Driver/Src/stm32f1xx_hal_uart.c.obj
 .text.UART_EndRxTransfer
                0x08007652       0xc4 CMakeFiles/BMP280TEST.dir/Drivers/STM32F1xx_HAL_Driver/Src/stm32f1xx_hal_uart.c.obj
 *fill*         0x08007716        0x2 
 .text.UART_SetConfig
                0x08007718      0x11c CMakeFiles/BMP280TEST.dir/Drivers/STM32F1xx_HAL_Driver/Src/stm32f1xx_hal_uart.c.obj
 .text.SystemInit
                0x08007834        0xc CMakeFiles/BMP280TEST.dir/Core/Src/system_stm32f1xx.c.obj
                0x08007834                SystemInit
 .text._sbrk    0x08007840       0x6c CMakeFiles/BMP280TEST.dir/Core/Src/sysmem.c.obj
                0x08007840                _sbrk
 .text._getpid  0x080078ac        0xe CMakeFiles/BMP280TEST.dir/Core/Src/syscalls.c.obj
                0x080078ac                _getpid
 .text._kill    0x080078ba       0x20 CMakeFiles/BMP280TEST.dir/Core/Src/syscalls.c.obj
                0x080078ba                _kill
 .text._exit    0x080078da       0x16 CMakeFiles/BMP280TEST.dir/Core/Src/syscalls.c.obj
                0x080078da                _exit
 .text._read    0x080078f0       0x3a CMakeFiles/BMP280TEST.dir/Core/Src/syscalls.c.obj
                0x080078f0                _read
 .text._write   0x0800792a       0x38 CMakeFiles/BMP280TEST.dir/Core/Src/syscalls.c.obj
                0x0800792a                _write
 .text._close   0x08007962       0x16 CMakeFiles/BMP280TEST.dir/Core/Src/syscalls.c.obj
                0x08007962                _close
 .text._fstat   0x08007978       0x1e CMakeFiles/BMP280TEST.dir/Core/Src/syscalls.c.obj
                0x08007978                _fstat
 .text._isatty  0x08007996       0x14 CMakeFiles/BMP280TEST.dir/Core/Src/syscalls.c.obj
                0x08007996                _isatty
 .text._lseek   0x080079aa       0x18 CMakeFiles/BMP280TEST.dir/Core/Src/syscalls.c.obj
                0x080079aa                _lseek
 *fill*         0x080079c2        0x2 
 .text.Reset_Handler
                0x080079c4       0x48 CMakeFiles/BMP280TEST.dir/startup_stm32f103xb.s.obj
                0x080079c4                Reset_Handler
 .text.Default_Handler
                0x08007a0c        0x2 CMakeFiles/BMP280TEST.dir/startup_stm32f103xb.s.obj
                0x08007a0c                RTC_Alarm_IRQHandler
                0x08007a0c                EXTI2_IRQHandler
                0x08007a0c                TIM1_CC_IRQHandler
                0x08007a0c                PVD_IRQHandler
                0x08007a0c                EXTI3_IRQHandler
                0x08007a0c                EXTI0_IRQHandler
                0x08007a0c                I2C2_EV_IRQHandler
                0x08007a0c                ADC1_2_IRQHandler
                0x08007a0c                SPI1_IRQHandler
                0x08007a0c                TAMPER_IRQHandler
                0x08007a0c                DMA1_Channel4_IRQHandler
                0x08007a0c                USART3_IRQHandler
                0x08007a0c                RTC_IRQHandler
                0x08007a0c                DMA1_Channel7_IRQHandler
                0x08007a0c                CAN1_RX1_IRQHandler
                0x08007a0c                TIM4_IRQHandler
                0x08007a0c                I2C1_EV_IRQHandler
                0x08007a0c                DMA1_Channel6_IRQHandler
                0x08007a0c                TIM3_IRQHandler
                0x08007a0c                RCC_IRQHandler
                0x08007a0c                TIM1_TRG_COM_IRQHandler
                0x08007a0c                DMA1_Channel1_IRQHandler
                0x08007a0c                Default_Handler
                0x08007a0c                EXTI15_10_IRQHandler
                0x08007a0c                EXTI9_5_IRQHandler
                0x08007a0c                SPI2_IRQHandler
                0x08007a0c                DMA1_Channel5_IRQHandler
                0x08007a0c                EXTI4_IRQHandler
                0x08007a0c                USB_LP_CAN1_RX0_IRQHandler
                0x08007a0c                USB_HP_CAN1_TX_IRQHandler
                0x08007a0c                DMA1_Channel3_IRQHandler
                0x08007a0c                TIM1_UP_IRQHandler
                0x08007a0c                WWDG_IRQHandler
                0x08007a0c                TIM2_IRQHandler
                0x08007a0c                TIM1_BRK_IRQHandler
                0x08007a0c                EXTI1_IRQHandler
                0x08007a0c                USART2_IRQHandler
                0x08007a0c                I2C2_ER_IRQHandler
                0x08007a0c                DMA1_Channel2_IRQHandler
                0x08007a0c                CAN1_SCE_IRQHandler
                0x08007a0c                FLASH_IRQHandler
                0x08007a0c                USART1_IRQHandler
                0x08007a0c                I2C1_ER_IRQHandler
                0x08007a0c                USBWakeUp_IRQHandler
 *fill*         0x08007a0e        0x2 
 .text.sprintf  0x08007a10       0x40 /opt/st/stm32cubeclt_1.17.0_2/GNU-tools-for-STM32/bin/../lib/gcc/arm-none-eabi/12.3.1/../../../../arm-none-eabi/lib/thumb/v7-m/nofp/libg_nano.a(libc_a-sprintf.o)
                0x08007a10                sprintf
                0x08007a10                siprintf
 .text.__errno  0x08007a50        0xc /opt/st/stm32cubeclt_1.17.0_2/GNU-tools-for-STM32/bin/../lib/gcc/arm-none-eabi/12.3.1/../../../../arm-none-eabi/lib/thumb/v7-m/nofp/libg_nano.a(libc_a-errno.o)
                0x08007a50                __errno
 .text.__ssputs_r
                0x08007a5c       0xb6 /opt/st/stm32cubeclt_1.17.0_2/GNU-tools-for-STM32/bin/../lib/gcc/arm-none-eabi/12.3.1/../../../../arm-none-eabi/lib/thumb/v7-m/nofp/libg_nano.a(libc_a-nano-svfprintf.o)
                0x08007a5c                __ssputs_r
 *fill*         0x08007b12        0x2 
 .text._svfprintf_r
                0x08007b14      0x1f8 /opt/st/stm32cubeclt_1.17.0_2/GNU-tools-for-STM32/bin/../lib/gcc/arm-none-eabi/12.3.1/../../../../arm-none-eabi/lib/thumb/v7-m/nofp/libg_nano.a(libc_a-nano-svfprintf.o)
                0x08007b14                _svfprintf_r
                0x08007b14                _svfiprintf_r
 *(.glue_7)
 .glue_7        0x08007d0c        0x0 linker stubs
 *(.glue_7t)
 .glue_7t       0x08007d0c        0x0 linker stubs
 *(.eh_frame)
 .eh_frame      0x08007d0c        0x0 /opt/st/stm32cubeclt_1.17.0_2/GNU-tools-for-STM32/bin/../lib/gcc/arm-none-eabi/12.3.1/thumb/v7-m/nofp/crtbegin.o
 *(.init)
 .init          0x08007d0c        0x4 /opt/st/stm32cubeclt_1.17.0_2/GNU-tools-for-STM32/bin/../lib/gcc/arm-none-eabi/12.3.1/thumb/v7-m/nofp/crti.o
                0x08007d0c                _init
 .init          0x08007d10        0x8 /opt/st/stm32cubeclt_1.17.0_2/GNU-tools-for-STM32/bin/../lib/gcc/arm-none-eabi/12.3.1/thumb/v7-m/nofp/crtn.o
 *(.fini)
 .fini          0x08007d18        0x4 /opt/st/stm32cubeclt_1.17.0_2/GNU-tools-for-STM32/bin/../lib/gcc/arm-none-eabi/12.3.1/thumb/v7-m/nofp/crti.o
                0x08007d18                _fini
 .fini          0x08007d1c        0x8 /opt/st/stm32cubeclt_1.17.0_2/GNU-tools-for-STM32/bin/../lib/gcc/arm-none-eabi/12.3.1/thumb/v7-m/nofp/crtn.o
                0x08007d24                        . = ALIGN (0x4)
                0x08007d24                        _etext = .

.vfp11_veneer   0x08007d24        0x0
 .vfp11_veneer  0x08007d24        0x0 linker stubs

.v4_bx          0x08007d24        0x0
 .v4_bx         0x08007d24        0x0 linker stubs

.iplt           0x08007d24        0x0
 .iplt          0x08007d24        0x0 /opt/st/stm32cubeclt_1.17.0_2/GNU-tools-for-STM32/bin/../lib/gcc/arm-none-eabi/12.3.1/thumb/v7-m/nofp/crtbegin.o

.rodata         0x08007d28      0x454
                0x08007d28                        . = ALIGN (0x4)
 *(.rodata)
 .rodata        0x08007d28       0x10 CMakeFiles/BMP280TEST.dir/Core/Src/liquidcrystal_i2c.c.obj
 .rodata        0x08007d38       0xa9 CMakeFiles/BMP280TEST.dir/Core/Src/main.c.obj
 *(.rodata*)
 .rodata._printf_float.str1.1
                0x08007de1       0x12 /opt/st/stm32cubeclt_1.17.0_2/GNU-tools-for-STM32/bin/../lib/gcc/arm-none-eabi/12.3.1/../../../../arm-none-eabi/lib/thumb/v7-m/nofp/libc_nano.a(libc_a-nano-vfprintf_float.o)
 .rodata._printf_i.str1.1
                0x08007df3       0x22 /opt/st/stm32cubeclt_1.17.0_2/GNU-tools-for-STM32/bin/../lib/gcc/arm-none-eabi/12.3.1/../../../../arm-none-eabi/lib/thumb/v7-m/nofp/libc_nano.a(libc_a-nano-vfprintf_i.o)
 .rodata._dtoa_r.str1.1
                0x08007e15       0x8d /opt/st/stm32cubeclt_1.17.0_2/GNU-tools-for-STM32/bin/../lib/gcc/arm-none-eabi/12.3.1/../../../../arm-none-eabi/lib/thumb/v7-m/nofp/libc_nano.a(libc_a-dtoa.o)
                                 0x8f (size before relaxing)
 .rodata._Balloc.str1.1
                0x08007ea2       0x59 /opt/st/stm32cubeclt_1.17.0_2/GNU-tools-for-STM32/bin/../lib/gcc/arm-none-eabi/12.3.1/../../../../arm-none-eabi/lib/thumb/v7-m/nofp/libc_nano.a(libc_a-mprec.o)
                                 0x70 (size before relaxing)
 .rodata.__multadd.str1.1
                0x08007efb       0x11 /opt/st/stm32cubeclt_1.17.0_2/GNU-tools-for-STM32/bin/../lib/gcc/arm-none-eabi/12.3.1/../../../../arm-none-eabi/lib/thumb/v7-m/nofp/libc_nano.a(libc_a-mprec.o)
 *fill*         0x08007efb        0x1 
 .rodata.p05.0  0x08007efc        0xc /opt/st/stm32cubeclt_1.17.0_2/GNU-tools-for-STM32/bin/../lib/gcc/arm-none-eabi/12.3.1/../../../../arm-none-eabi/lib/thumb/v7-m/nofp/libc_nano.a(libc_a-mprec.o)
 .rodata.__mprec_bigtens
                0x08007f08       0x28 /opt/st/stm32cubeclt_1.17.0_2/GNU-tools-for-STM32/bin/../lib/gcc/arm-none-eabi/12.3.1/../../../../arm-none-eabi/lib/thumb/v7-m/nofp/libc_nano.a(libc_a-mprec.o)
                0x08007f08                __mprec_bigtens
 .rodata.__mprec_tens
                0x08007f30       0xc8 /opt/st/stm32cubeclt_1.17.0_2/GNU-tools-for-STM32/bin/../lib/gcc/arm-none-eabi/12.3.1/../../../../arm-none-eabi/lib/thumb/v7-m/nofp/libc_nano.a(libc_a-mprec.o)
                0x08007f30                __mprec_tens
 .rodata._setlocale_r.str1.1
                0x08007ff8        0x8 /opt/st/stm32cubeclt_1.17.0_2/GNU-tools-for-STM32/bin/../lib/gcc/arm-none-eabi/12.3.1/../../../../arm-none-eabi/lib/thumb/v7-m/nofp/libc_nano.a(libc_a-locale.o)
                                  0x9 (size before relaxing)
 .rodata.str1.1
                0x08008000        0x2 /opt/st/stm32cubeclt_1.17.0_2/GNU-tools-for-STM32/bin/../lib/gcc/arm-none-eabi/12.3.1/../../../../arm-none-eabi/lib/thumb/v7-m/nofp/libc_nano.a(libc_a-locale.o)
 .rodata.__assert_func.str1.1
                0x08008002       0x3c /opt/st/stm32cubeclt_1.17.0_2/GNU-tools-for-STM32/bin/../lib/gcc/arm-none-eabi/12.3.1/../../../../arm-none-eabi/lib/thumb/v7-m/nofp/libc_nano.a(libc_a-assert.o)
                                 0x3d (size before relaxing)
 .rodata._ctype_
                0x0800803e      0x101 /opt/st/stm32cubeclt_1.17.0_2/GNU-tools-for-STM32/bin/../lib/gcc/arm-none-eabi/12.3.1/../../../../arm-none-eabi/lib/thumb/v7-m/nofp/libc_nano.a(libc_a-ctype_.o)
                0x0800803e                _ctype_
 .rodata._vfprintf_r.str1.1
                0x0800813f       0x11 /opt/st/stm32cubeclt_1.17.0_2/GNU-tools-for-STM32/bin/../lib/gcc/arm-none-eabi/12.3.1/../../../../arm-none-eabi/lib/thumb/v7-m/nofp/libc_nano.a(libc_a-nano-vfprintf.o)
 .rodata.aPLLMULFactorTable.1
                0x08008150       0x10 CMakeFiles/BMP280TEST.dir/Drivers/STM32F1xx_HAL_Driver/Src/stm32f1xx_hal_rcc.c.obj
 .rodata.aPredivFactorTable.0
                0x08008160        0x2 CMakeFiles/BMP280TEST.dir/Drivers/STM32F1xx_HAL_Driver/Src/stm32f1xx_hal_rcc.c.obj
 *fill*         0x08008162        0x2 
 .rodata.AHBPrescTable
                0x08008164       0x10 CMakeFiles/BMP280TEST.dir/Core/Src/system_stm32f1xx.c.obj
                0x08008164                AHBPrescTable
 .rodata.APBPrescTable
                0x08008174        0x8 CMakeFiles/BMP280TEST.dir/Core/Src/system_stm32f1xx.c.obj
                0x08008174                APBPrescTable
 .rodata._svfprintf_r.str1.1
                0x0800817c       0x11 /opt/st/stm32cubeclt_1.17.0_2/GNU-tools-for-STM32/bin/../lib/gcc/arm-none-eabi/12.3.1/../../../../arm-none-eabi/lib/thumb/v7-m/nofp/libg_nano.a(libc_a-nano-svfprintf.o)
                0x08008190                        . = ALIGN (0x4)

.ARM.extab
 *(.ARM.extab* .gnu.linkonce.armextab.*)

.ARM            0x0800817c        0x8
                0x0800817c                        __exidx_start = .
 *(.ARM.exidx*)
 .ARM.exidx     0x0800817c        0x8 /opt/st/stm32cubeclt_1.17.0_2/GNU-tools-for-STM32/bin/../lib/gcc/arm-none-eabi/12.3.1/../../../../arm-none-eabi/lib/thumb/v7-m/nofp/libc_nano.a(libc_a-strlen.o)
 .ARM.exidx     0x08008184        0x0 /opt/st/stm32cubeclt_1.17.0_2/GNU-tools-for-STM32/bin/../lib/gcc/arm-none-eabi/12.3.1/thumb/v7-m/nofp/libgcc.a(_udivmoddi4.o)
                                  0x8 (size before relaxing)
                0x08008184                        __exidx_end = .

.rel.dyn        0x08008184        0x0
 .rel.iplt      0x08008184        0x0 /opt/st/stm32cubeclt_1.17.0_2/GNU-tools-for-STM32/bin/../lib/gcc/arm-none-eabi/12.3.1/thumb/v7-m/nofp/crtbegin.o

.preinit_array  0x08008184        0x0
                0x08008184                        PROVIDE (__preinit_array_start = .)
 *(.preinit_array*)
                0x08008184                        PROVIDE (__preinit_array_end = .)

.init_array     0x08008184        0x4
                0x08008184                        PROVIDE (__init_array_start = .)
 *(SORT_BY_NAME(.init_array.*))
 *(.init_array*)
 .init_array    0x08008184        0x4 /opt/st/stm32cubeclt_1.17.0_2/GNU-tools-for-STM32/bin/../lib/gcc/arm-none-eabi/12.3.1/thumb/v7-m/nofp/crtbegin.o
                0x08008188                        PROVIDE (__init_array_end = .)

.fini_array     0x08008188        0x4
                [!provide]                        PROVIDE (__fini_array_start = .)
 *(SORT_BY_NAME(.fini_array.*))
 *(.fini_array*)
 .fini_array    0x08008188        0x4 /opt/st/stm32cubeclt_1.17.0_2/GNU-tools-for-STM32/bin/../lib/gcc/arm-none-eabi/12.3.1/thumb/v7-m/nofp/crtbegin.o
                [!provide]                        PROVIDE (__fini_array_end = .)
                0x0800818c                        _sidata = LOADADDR (.data)

.data           0x20000000      0x1e4 load address 0x0800818c
                0x20000000                        . = ALIGN (0x4)
                0x20000000                        _sdata = .
 *(.data)
 *(.data*)
 .data.__sglue  0x20000000        0xc /opt/st/stm32cubeclt_1.17.0_2/GNU-tools-for-STM32/bin/../lib/gcc/arm-none-eabi/12.3.1/../../../../arm-none-eabi/lib/thumb/v7-m/nofp/libc_nano.a(libc_a-findfp.o)
                0x20000000                __sglue
 .data._impure_ptr
                0x2000000c        0x4 /opt/st/stm32cubeclt_1.17.0_2/GNU-tools-for-STM32/bin/../lib/gcc/arm-none-eabi/12.3.1/../../../../arm-none-eabi/lib/thumb/v7-m/nofp/libc_nano.a(libc_a-impure.o)
                0x2000000c                _impure_ptr
 .data._impure_data
                0x20000010       0x4c /opt/st/stm32cubeclt_1.17.0_2/GNU-tools-for-STM32/bin/../lib/gcc/arm-none-eabi/12.3.1/../../../../arm-none-eabi/lib/thumb/v7-m/nofp/libc_nano.a(libc_a-impure.o)
                0x20000010                _impure_data
 .data.__global_locale
                0x2000005c      0x16c /opt/st/stm32cubeclt_1.17.0_2/GNU-tools-for-STM32/bin/../lib/gcc/arm-none-eabi/12.3.1/../../../../arm-none-eabi/lib/thumb/v7-m/nofp/libc_nano.a(libc_a-locale.o)
                0x2000005c                __global_locale
 .data.special1
                0x200001c8        0x8 CMakeFiles/BMP280TEST.dir/Core/Src/liquidcrystal_i2c.c.obj
                0x200001c8                special1
 .data.special2
                0x200001d0        0x8 CMakeFiles/BMP280TEST.dir/Core/Src/liquidcrystal_i2c.c.obj
                0x200001d0                special2
 .data.uwTickPrio
                0x200001d8        0x4 CMakeFiles/BMP280TEST.dir/Drivers/STM32F1xx_HAL_Driver/Src/stm32f1xx_hal.c.obj
                0x200001d8                uwTickPrio
 .data.uwTickFreq
                0x200001dc        0x1 CMakeFiles/BMP280TEST.dir/Drivers/STM32F1xx_HAL_Driver/Src/stm32f1xx_hal.c.obj
                0x200001dc                uwTickFreq
 *fill*         0x200001dd        0x3 
 .data.SystemCoreClock
                0x200001e0        0x4 CMakeFiles/BMP280TEST.dir/Core/Src/system_stm32f1xx.c.obj
                0x200001e0                SystemCoreClock
                0x200001e4                        . = ALIGN (0x4)
                0x200001e4                        _edata = .

.igot.plt       0x200001e4        0x0 load address 0x08008370
 .igot.plt      0x200001e4        0x0 /opt/st/stm32cubeclt_1.17.0_2/GNU-tools-for-STM32/bin/../lib/gcc/arm-none-eabi/12.3.1/thumb/v7-m/nofp/crtbegin.o
                0x200001e4                        . = ALIGN (0x4)

.bss            0x200001e4      0x364 load address 0x08008370
                0x200001e4                        _sbss = .
                0x200001e4                        __bss_start__ = _sbss
 *(.bss)
 .bss           0x200001e4       0x1c /opt/st/stm32cubeclt_1.17.0_2/GNU-tools-for-STM32/bin/../lib/gcc/arm-none-eabi/12.3.1/thumb/v7-m/nofp/crtbegin.o
 *(.bss*)
 .bss.__sf      0x20000200      0x138 /opt/st/stm32cubeclt_1.17.0_2/GNU-tools-for-STM32/bin/../lib/gcc/arm-none-eabi/12.3.1/../../../../arm-none-eabi/lib/thumb/v7-m/nofp/libc_nano.a(libc_a-findfp.o)
                0x20000200                __sf
 .bss.__stdio_exit_handler
                0x20000338        0x4 /opt/st/stm32cubeclt_1.17.0_2/GNU-tools-for-STM32/bin/../lib/gcc/arm-none-eabi/12.3.1/../../../../arm-none-eabi/lib/thumb/v7-m/nofp/libc_nano.a(libc_a-findfp.o)
                0x20000338                __stdio_exit_handler
 .bss.errno     0x2000033c        0x4 /opt/st/stm32cubeclt_1.17.0_2/GNU-tools-for-STM32/bin/../lib/gcc/arm-none-eabi/12.3.1/../../../../arm-none-eabi/lib/thumb/v7-m/nofp/libc_nano.a(libc_a-reent.o)
                0x2000033c                errno
 .bss.__lock___malloc_recursive_mutex
                0x20000340        0x1 /opt/st/stm32cubeclt_1.17.0_2/GNU-tools-for-STM32/bin/../lib/gcc/arm-none-eabi/12.3.1/../../../../arm-none-eabi/lib/thumb/v7-m/nofp/libc_nano.a(libc_a-lock.o)
                0x20000340                __lock___malloc_recursive_mutex
 .bss.__lock___sfp_recursive_mutex
                0x20000341        0x1 /opt/st/stm32cubeclt_1.17.0_2/GNU-tools-for-STM32/bin/../lib/gcc/arm-none-eabi/12.3.1/../../../../arm-none-eabi/lib/thumb/v7-m/nofp/libc_nano.a(libc_a-lock.o)
                0x20000341                __lock___sfp_recursive_mutex
 *fill*         0x20000342        0x2 
 .bss.__malloc_sbrk_start
                0x20000344        0x4 /opt/st/stm32cubeclt_1.17.0_2/GNU-tools-for-STM32/bin/../lib/gcc/arm-none-eabi/12.3.1/../../../../arm-none-eabi/lib/thumb/v7-m/nofp/libc_nano.a(libc_a-mallocr.o)
                0x20000344                __malloc_sbrk_start
 .bss.__malloc_free_list
                0x20000348        0x4 /opt/st/stm32cubeclt_1.17.0_2/GNU-tools-for-STM32/bin/../lib/gcc/arm-none-eabi/12.3.1/../../../../arm-none-eabi/lib/thumb/v7-m/nofp/libc_nano.a(libc_a-mallocr.o)
                0x20000348                __malloc_free_list
 .bss.dpFunction
                0x2000034c        0x1 CMakeFiles/BMP280TEST.dir/Core/Src/liquidcrystal_i2c.c.obj
                0x2000034c                dpFunction
 .bss.dpControl
                0x2000034d        0x1 CMakeFiles/BMP280TEST.dir/Core/Src/liquidcrystal_i2c.c.obj
                0x2000034d                dpControl
 .bss.dpMode    0x2000034e        0x1 CMakeFiles/BMP280TEST.dir/Core/Src/liquidcrystal_i2c.c.obj
                0x2000034e                dpMode
 .bss.dpRows    0x2000034f        0x1 CMakeFiles/BMP280TEST.dir/Core/Src/liquidcrystal_i2c.c.obj
                0x2000034f                dpRows
 .bss.dpBacklight
                0x20000350        0x1 CMakeFiles/BMP280TEST.dir/Core/Src/liquidcrystal_i2c.c.obj
                0x20000350                dpBacklight
 *fill*         0x20000351        0x3 
 .bss.hi2c1     0x20000354       0x54 CMakeFiles/BMP280TEST.dir/Core/Src/main.c.obj
                0x20000354                hi2c1
 .bss.huart1    0x200003a8       0x48 CMakeFiles/BMP280TEST.dir/Core/Src/main.c.obj
                0x200003a8                huart1
 .bss.bmp280    0x200003f0       0x34 CMakeFiles/BMP280TEST.dir/Core/Src/main.c.obj
                0x200003f0                bmp280
 .bss.pressure  0x20000424        0x4 CMakeFiles/BMP280TEST.dir/Core/Src/main.c.obj
                0x20000424                pressure
 .bss.temperature
                0x20000428        0x4 CMakeFiles/BMP280TEST.dir/Core/Src/main.c.obj
                0x20000428                temperature
 .bss.size      0x2000042c        0x2 CMakeFiles/BMP280TEST.dir/Core/Src/main.c.obj
                0x2000042c                size
 *fill*         0x2000042e        0x2 
 .bss.Data      0x20000430      0x100 CMakeFiles/BMP280TEST.dir/Core/Src/main.c.obj
                0x20000430                Data
 .bss.buffer    0x20000530       0x10 CMakeFiles/BMP280TEST.dir/Core/Src/main.c.obj
                0x20000530                buffer
 .bss.uwTick    0x20000540        0x4 CMakeFiles/BMP280TEST.dir/Drivers/STM32F1xx_HAL_Driver/Src/stm32f1xx_hal.c.obj
                0x20000540                uwTick
 .bss.__sbrk_heap_end
                0x20000544        0x4 CMakeFiles/BMP280TEST.dir/Core/Src/sysmem.c.obj
 *(COMMON)
                0x20000548                        . = ALIGN (0x4)
                0x20000548                        _ebss = .
                0x20000548                        __bss_end__ = _ebss

._user_heap_stack
                0x20000548      0x600 load address 0x08008370
                0x20000548                        . = ALIGN (0x8)
                [!provide]                        PROVIDE (end = .)
                0x20000548                        PROVIDE (_end = .)
                0x20000748                        . = (. + _Min_Heap_Size)
 *fill*         0x20000548      0x200 
                0x20000b48                        . = (. + _Min_Stack_Size)
 *fill*         0x20000748      0x400 
                0x20000b48                        . = ALIGN (0x8)

/DISCARD/
 libc.a(*)
 libm.a(*)
 libgcc.a(*)
OUTPUT(BMP280TEST.elf elf32-littlearm)
LOAD linker stubs
LOAD /opt/st/stm32cubeclt_1.17.0_2/GNU-tools-for-STM32/bin/../lib/gcc/arm-none-eabi/12.3.1/../../../../arm-none-eabi/lib/thumb/v7-m/nofp/libc.a
LOAD /opt/st/stm32cubeclt_1.17.0_2/GNU-tools-for-STM32/bin/../lib/gcc/arm-none-eabi/12.3.1/../../../../arm-none-eabi/lib/thumb/v7-m/nofp/libm.a
LOAD /opt/st/stm32cubeclt_1.17.0_2/GNU-tools-for-STM32/bin/../lib/gcc/arm-none-eabi/12.3.1/thumb/v7-m/nofp/libgcc.a

.ARM.attributes
                0x00000000       0x29
 .ARM.attributes
                0x00000000       0x1d /opt/st/stm32cubeclt_1.17.0_2/GNU-tools-for-STM32/bin/../lib/gcc/arm-none-eabi/12.3.1/thumb/v7-m/nofp/crti.o
 .ARM.attributes
                0x0000001d       0x2d /opt/st/stm32cubeclt_1.17.0_2/GNU-tools-for-STM32/bin/../lib/gcc/arm-none-eabi/12.3.1/thumb/v7-m/nofp/crtbegin.o
 .ARM.attributes
                0x0000004a       0x2d /opt/st/stm32cubeclt_1.17.0_2/GNU-tools-for-STM32/bin/../lib/gcc/arm-none-eabi/12.3.1/../../../../arm-none-eabi/lib/thumb/v7-m/nofp/libc_nano.a(libc_a-nano-vfprintf_float.o)
 .ARM.attributes
                0x00000077       0x2d /opt/st/stm32cubeclt_1.17.0_2/GNU-tools-for-STM32/bin/../lib/gcc/arm-none-eabi/12.3.1/../../../../arm-none-eabi/lib/thumb/v7-m/nofp/libc_nano.a(libc_a-nano-vfprintf_i.o)
 .ARM.attributes
                0x000000a4       0x2d /opt/st/stm32cubeclt_1.17.0_2/GNU-tools-for-STM32/bin/../lib/gcc/arm-none-eabi/12.3.1/../../../../arm-none-eabi/lib/thumb/v7-m/nofp/libc_nano.a(libc_a-findfp.o)
 .ARM.attributes
                0x000000d1       0x2d /opt/st/stm32cubeclt_1.17.0_2/GNU-tools-for-STM32/bin/../lib/gcc/arm-none-eabi/12.3.1/../../../../arm-none-eabi/lib/thumb/v7-m/nofp/libc_nano.a(libc_a-fwalk.o)
 .ARM.attributes
                0x000000fe       0x2d /opt/st/stm32cubeclt_1.17.0_2/GNU-tools-for-STM32/bin/../lib/gcc/arm-none-eabi/12.3.1/../../../../arm-none-eabi/lib/thumb/v7-m/nofp/libc_nano.a(libc_a-stdio.o)
 .ARM.attributes
                0x0000012b       0x2d /opt/st/stm32cubeclt_1.17.0_2/GNU-tools-for-STM32/bin/../lib/gcc/arm-none-eabi/12.3.1/../../../../arm-none-eabi/lib/thumb/v7-m/nofp/libc_nano.a(libc_a-memset.o)
 .ARM.attributes
                0x00000158       0x2d /opt/st/stm32cubeclt_1.17.0_2/GNU-tools-for-STM32/bin/../lib/gcc/arm-none-eabi/12.3.1/../../../../arm-none-eabi/lib/thumb/v7-m/nofp/libc_nano.a(libc_a-localeconv.o)
 .ARM.attributes
                0x00000185       0x2d /opt/st/stm32cubeclt_1.17.0_2/GNU-tools-for-STM32/bin/../lib/gcc/arm-none-eabi/12.3.1/../../../../arm-none-eabi/lib/thumb/v7-m/nofp/libc_nano.a(libc_a-closer.o)
 .ARM.attributes
                0x000001b2       0x2d /opt/st/stm32cubeclt_1.17.0_2/GNU-tools-for-STM32/bin/../lib/gcc/arm-none-eabi/12.3.1/../../../../arm-none-eabi/lib/thumb/v7-m/nofp/libc_nano.a(libc_a-reent.o)
 .ARM.attributes
                0x000001df       0x2d /opt/st/stm32cubeclt_1.17.0_2/GNU-tools-for-STM32/bin/../lib/gcc/arm-none-eabi/12.3.1/../../../../arm-none-eabi/lib/thumb/v7-m/nofp/libc_nano.a(libc_a-impure.o)
 .ARM.attributes
                0x0000020c       0x2d /opt/st/stm32cubeclt_1.17.0_2/GNU-tools-for-STM32/bin/../lib/gcc/arm-none-eabi/12.3.1/../../../../arm-none-eabi/lib/thumb/v7-m/nofp/libc_nano.a(libc_a-lseekr.o)
 .ARM.attributes
                0x00000239       0x2d /opt/st/stm32cubeclt_1.17.0_2/GNU-tools-for-STM32/bin/../lib/gcc/arm-none-eabi/12.3.1/../../../../arm-none-eabi/lib/thumb/v7-m/nofp/libc_nano.a(libc_a-readr.o)
 .ARM.attributes
                0x00000266       0x2d /opt/st/stm32cubeclt_1.17.0_2/GNU-tools-for-STM32/bin/../lib/gcc/arm-none-eabi/12.3.1/../../../../arm-none-eabi/lib/thumb/v7-m/nofp/libc_nano.a(libc_a-writer.o)
 .ARM.attributes
                0x00000293       0x2d /opt/st/stm32cubeclt_1.17.0_2/GNU-tools-for-STM32/bin/../lib/gcc/arm-none-eabi/12.3.1/../../../../arm-none-eabi/lib/thumb/v7-m/nofp/libc_nano.a(libc_a-init.o)
 .ARM.attributes
                0x000002c0       0x2d /opt/st/stm32cubeclt_1.17.0_2/GNU-tools-for-STM32/bin/../lib/gcc/arm-none-eabi/12.3.1/../../../../arm-none-eabi/lib/thumb/v7-m/nofp/libc_nano.a(libc_a-lock.o)
 .ARM.attributes
                0x000002ed       0x2d /opt/st/stm32cubeclt_1.17.0_2/GNU-tools-for-STM32/bin/../lib/gcc/arm-none-eabi/12.3.1/../../../../arm-none-eabi/lib/thumb/v7-m/nofp/libc_nano.a(libc_a-memchr-stub.o)
 .ARM.attributes
                0x0000031a       0x17 /opt/st/stm32cubeclt_1.17.0_2/GNU-tools-for-STM32/bin/../lib/gcc/arm-none-eabi/12.3.1/../../../../arm-none-eabi/lib/thumb/v7-m/nofp/libc_nano.a(libc_a-strlen.o)
 .ARM.attributes
                0x00000331       0x2d /opt/st/stm32cubeclt_1.17.0_2/GNU-tools-for-STM32/bin/../lib/gcc/arm-none-eabi/12.3.1/../../../../arm-none-eabi/lib/thumb/v7-m/nofp/libc_nano.a(libc_a-dtoa.o)
 .ARM.attributes
                0x0000035e       0x2d /opt/st/stm32cubeclt_1.17.0_2/GNU-tools-for-STM32/bin/../lib/gcc/arm-none-eabi/12.3.1/../../../../arm-none-eabi/lib/thumb/v7-m/nofp/libc_nano.a(libc_a-freer.o)
 .ARM.attributes
                0x0000038b       0x2d /opt/st/stm32cubeclt_1.17.0_2/GNU-tools-for-STM32/bin/../lib/gcc/arm-none-eabi/12.3.1/../../../../arm-none-eabi/lib/thumb/v7-m/nofp/libc_nano.a(libc_a-malloc.o)
 .ARM.attributes
                0x000003b8       0x2d /opt/st/stm32cubeclt_1.17.0_2/GNU-tools-for-STM32/bin/../lib/gcc/arm-none-eabi/12.3.1/../../../../arm-none-eabi/lib/thumb/v7-m/nofp/libc_nano.a(libc_a-mallocr.o)
 .ARM.attributes
                0x000003e5       0x2d /opt/st/stm32cubeclt_1.17.0_2/GNU-tools-for-STM32/bin/../lib/gcc/arm-none-eabi/12.3.1/../../../../arm-none-eabi/lib/thumb/v7-m/nofp/libc_nano.a(libc_a-mlock.o)
 .ARM.attributes
                0x00000412       0x2d /opt/st/stm32cubeclt_1.17.0_2/GNU-tools-for-STM32/bin/../lib/gcc/arm-none-eabi/12.3.1/../../../../arm-none-eabi/lib/thumb/v7-m/nofp/libc_nano.a(libc_a-mprec.o)
 .ARM.attributes
                0x0000043f       0x2d /opt/st/stm32cubeclt_1.17.0_2/GNU-tools-for-STM32/bin/../lib/gcc/arm-none-eabi/12.3.1/../../../../arm-none-eabi/lib/thumb/v7-m/nofp/libc_nano.a(libc_a-fflush.o)
 .ARM.attributes
                0x0000046c       0x2d /opt/st/stm32cubeclt_1.17.0_2/GNU-tools-for-STM32/bin/../lib/gcc/arm-none-eabi/12.3.1/../../../../arm-none-eabi/lib/thumb/v7-m/nofp/libc_nano.a(libc_a-locale.o)
 .ARM.attributes
                0x00000499       0x2d /opt/st/stm32cubeclt_1.17.0_2/GNU-tools-for-STM32/bin/../lib/gcc/arm-none-eabi/12.3.1/../../../../arm-none-eabi/lib/thumb/v7-m/nofp/libc_nano.a(libc_a-sbrkr.o)
 .ARM.attributes
                0x000004c6       0x2d /opt/st/stm32cubeclt_1.17.0_2/GNU-tools-for-STM32/bin/../lib/gcc/arm-none-eabi/12.3.1/../../../../arm-none-eabi/lib/thumb/v7-m/nofp/libc_nano.a(libc_a-memcpy-stub.o)
 .ARM.attributes
                0x000004f3       0x2d /opt/st/stm32cubeclt_1.17.0_2/GNU-tools-for-STM32/bin/../lib/gcc/arm-none-eabi/12.3.1/../../../../arm-none-eabi/lib/thumb/v7-m/nofp/libc_nano.a(libc_a-assert.o)
 .ARM.attributes
                0x00000520       0x2d /opt/st/stm32cubeclt_1.17.0_2/GNU-tools-for-STM32/bin/../lib/gcc/arm-none-eabi/12.3.1/../../../../arm-none-eabi/lib/thumb/v7-m/nofp/libc_nano.a(libc_a-callocr.o)
 .ARM.attributes
                0x0000054d       0x2d /opt/st/stm32cubeclt_1.17.0_2/GNU-tools-for-STM32/bin/../lib/gcc/arm-none-eabi/12.3.1/../../../../arm-none-eabi/lib/thumb/v7-m/nofp/libc_nano.a(libc_a-mbtowc_r.o)
 .ARM.attributes
                0x0000057a       0x2d /opt/st/stm32cubeclt_1.17.0_2/GNU-tools-for-STM32/bin/../lib/gcc/arm-none-eabi/12.3.1/../../../../arm-none-eabi/lib/thumb/v7-m/nofp/libc_nano.a(libc_a-wctomb_r.o)
 .ARM.attributes
                0x000005a7       0x2d /opt/st/stm32cubeclt_1.17.0_2/GNU-tools-for-STM32/bin/../lib/gcc/arm-none-eabi/12.3.1/../../../../arm-none-eabi/lib/thumb/v7-m/nofp/libc_nano.a(libc_a-ctype_.o)
 .ARM.attributes
                0x000005d4       0x2d /opt/st/stm32cubeclt_1.17.0_2/GNU-tools-for-STM32/bin/../lib/gcc/arm-none-eabi/12.3.1/../../../../arm-none-eabi/lib/thumb/v7-m/nofp/libc_nano.a(libc_a-fprintf.o)
 .ARM.attributes
                0x00000601       0x2d /opt/st/stm32cubeclt_1.17.0_2/GNU-tools-for-STM32/bin/../lib/gcc/arm-none-eabi/12.3.1/../../../../arm-none-eabi/lib/thumb/v7-m/nofp/libc_nano.a(libc_a-abort.o)
 .ARM.attributes
                0x0000062e       0x2d /opt/st/stm32cubeclt_1.17.0_2/GNU-tools-for-STM32/bin/../lib/gcc/arm-none-eabi/12.3.1/../../../../arm-none-eabi/lib/thumb/v7-m/nofp/libc_nano.a(libc_a-nano-vfprintf.o)
 .ARM.attributes
                0x0000065b       0x2d /opt/st/stm32cubeclt_1.17.0_2/GNU-tools-for-STM32/bin/../lib/gcc/arm-none-eabi/12.3.1/../../../../arm-none-eabi/lib/thumb/v7-m/nofp/libc_nano.a(libc_a-wbuf.o)
 .ARM.attributes
                0x00000688       0x2d /opt/st/stm32cubeclt_1.17.0_2/GNU-tools-for-STM32/bin/../lib/gcc/arm-none-eabi/12.3.1/../../../../arm-none-eabi/lib/thumb/v7-m/nofp/libc_nano.a(libc_a-wsetup.o)
 .ARM.attributes
                0x000006b5       0x2d /opt/st/stm32cubeclt_1.17.0_2/GNU-tools-for-STM32/bin/../lib/gcc/arm-none-eabi/12.3.1/../../../../arm-none-eabi/lib/thumb/v7-m/nofp/libc_nano.a(libc_a-memmove.o)
 .ARM.attributes
                0x000006e2       0x2d /opt/st/stm32cubeclt_1.17.0_2/GNU-tools-for-STM32/bin/../lib/gcc/arm-none-eabi/12.3.1/../../../../arm-none-eabi/lib/thumb/v7-m/nofp/libc_nano.a(libc_a-signal.o)
 .ARM.attributes
                0x0000070f       0x2d /opt/st/stm32cubeclt_1.17.0_2/GNU-tools-for-STM32/bin/../lib/gcc/arm-none-eabi/12.3.1/../../../../arm-none-eabi/lib/thumb/v7-m/nofp/libc_nano.a(libc_a-signalr.o)
 .ARM.attributes
                0x0000073c       0x2d /opt/st/stm32cubeclt_1.17.0_2/GNU-tools-for-STM32/bin/../lib/gcc/arm-none-eabi/12.3.1/../../../../arm-none-eabi/lib/thumb/v7-m/nofp/libc_nano.a(libc_a-reallocr.o)
 .ARM.attributes
                0x00000769       0x2d /opt/st/stm32cubeclt_1.17.0_2/GNU-tools-for-STM32/bin/../lib/gcc/arm-none-eabi/12.3.1/../../../../arm-none-eabi/lib/thumb/v7-m/nofp/libc_nano.a(libc_a-makebuf.o)
 .ARM.attributes
                0x00000796       0x2d /opt/st/stm32cubeclt_1.17.0_2/GNU-tools-for-STM32/bin/../lib/gcc/arm-none-eabi/12.3.1/../../../../arm-none-eabi/lib/thumb/v7-m/nofp/libc_nano.a(libc_a-fstatr.o)
 .ARM.attributes
                0x000007c3       0x2d /opt/st/stm32cubeclt_1.17.0_2/GNU-tools-for-STM32/bin/../lib/gcc/arm-none-eabi/12.3.1/../../../../arm-none-eabi/lib/thumb/v7-m/nofp/libc_nano.a(libc_a-isattyr.o)
 .ARM.attributes
                0x000007f0       0x2d /opt/st/stm32cubeclt_1.17.0_2/GNU-tools-for-STM32/bin/../lib/gcc/arm-none-eabi/12.3.1/../../../../arm-none-eabi/lib/thumb/v7-m/nofp/libc_nano.a(libc_a-msizer.o)
 .ARM.attributes
                0x0000081d       0x2d CMakeFiles/BMP280TEST.dir/Core/Src/bmp280.c.obj
 .ARM.attributes
                0x0000084a       0x2d CMakeFiles/BMP280TEST.dir/Core/Src/liquidcrystal_i2c.c.obj
 .ARM.attributes
                0x00000877       0x2d CMakeFiles/BMP280TEST.dir/Core/Src/main.c.obj
 .ARM.attributes
                0x000008a4       0x2d CMakeFiles/BMP280TEST.dir/Core/Src/stm32f1xx_it.c.obj
 .ARM.attributes
                0x000008d1       0x2d CMakeFiles/BMP280TEST.dir/Core/Src/stm32f1xx_hal_msp.c.obj
 .ARM.attributes
                0x000008fe       0x2d CMakeFiles/BMP280TEST.dir/Drivers/STM32F1xx_HAL_Driver/Src/stm32f1xx_hal_i2c.c.obj
 .ARM.attributes
                0x0000092b       0x2d CMakeFiles/BMP280TEST.dir/Drivers/STM32F1xx_HAL_Driver/Src/stm32f1xx_hal.c.obj
 .ARM.attributes
                0x00000958       0x2d CMakeFiles/BMP280TEST.dir/Drivers/STM32F1xx_HAL_Driver/Src/stm32f1xx_hal_rcc.c.obj
 .ARM.attributes
                0x00000985       0x2d CMakeFiles/BMP280TEST.dir/Drivers/STM32F1xx_HAL_Driver/Src/stm32f1xx_hal_gpio.c.obj
 .ARM.attributes
                0x000009b2       0x2d CMakeFiles/BMP280TEST.dir/Drivers/STM32F1xx_HAL_Driver/Src/stm32f1xx_hal_cortex.c.obj
 .ARM.attributes
                0x000009df       0x2d CMakeFiles/BMP280TEST.dir/Drivers/STM32F1xx_HAL_Driver/Src/stm32f1xx_hal_uart.c.obj
 .ARM.attributes
                0x00000a0c       0x2d CMakeFiles/BMP280TEST.dir/Core/Src/system_stm32f1xx.c.obj
 .ARM.attributes
                0x00000a39       0x2d CMakeFiles/BMP280TEST.dir/Core/Src/sysmem.c.obj
 .ARM.attributes
                0x00000a66       0x2d CMakeFiles/BMP280TEST.dir/Core/Src/syscalls.c.obj
 .ARM.attributes
                0x00000a93       0x21 CMakeFiles/BMP280TEST.dir/startup_stm32f103xb.s.obj
 .ARM.attributes
                0x00000ab4       0x1d /opt/st/stm32cubeclt_1.17.0_2/GNU-tools-for-STM32/bin/../lib/gcc/arm-none-eabi/12.3.1/thumb/v7-m/nofp/libgcc.a(_arm_addsubdf3.o)
 .ARM.attributes
                0x00000ad1       0x1d /opt/st/stm32cubeclt_1.17.0_2/GNU-tools-for-STM32/bin/../lib/gcc/arm-none-eabi/12.3.1/thumb/v7-m/nofp/libgcc.a(_arm_muldivdf3.o)
 .ARM.attributes
                0x00000aee       0x1d /opt/st/stm32cubeclt_1.17.0_2/GNU-tools-for-STM32/bin/../lib/gcc/arm-none-eabi/12.3.1/thumb/v7-m/nofp/libgcc.a(_arm_cmpdf2.o)
 .ARM.attributes
                0x00000b0b       0x1d /opt/st/stm32cubeclt_1.17.0_2/GNU-tools-for-STM32/bin/../lib/gcc/arm-none-eabi/12.3.1/thumb/v7-m/nofp/libgcc.a(_arm_unorddf2.o)
 .ARM.attributes
                0x00000b28       0x1d /opt/st/stm32cubeclt_1.17.0_2/GNU-tools-for-STM32/bin/../lib/gcc/arm-none-eabi/12.3.1/thumb/v7-m/nofp/libgcc.a(_arm_fixdfsi.o)
 .ARM.attributes
                0x00000b45       0x1d /opt/st/stm32cubeclt_1.17.0_2/GNU-tools-for-STM32/bin/../lib/gcc/arm-none-eabi/12.3.1/thumb/v7-m/nofp/libgcc.a(_arm_addsubsf3.o)
 .ARM.attributes
                0x00000b62       0x1d /opt/st/stm32cubeclt_1.17.0_2/GNU-tools-for-STM32/bin/../lib/gcc/arm-none-eabi/12.3.1/thumb/v7-m/nofp/libgcc.a(_arm_muldivsf3.o)
 .ARM.attributes
                0x00000b7f       0x1d /opt/st/stm32cubeclt_1.17.0_2/GNU-tools-for-STM32/bin/../lib/gcc/arm-none-eabi/12.3.1/thumb/v7-m/nofp/libgcc.a(_aeabi_ldivmod.o)
 .ARM.attributes
                0x00000b9c       0x2d /opt/st/stm32cubeclt_1.17.0_2/GNU-tools-for-STM32/bin/../lib/gcc/arm-none-eabi/12.3.1/thumb/v7-m/nofp/libgcc.a(_udivmoddi4.o)
 .ARM.attributes
                0x00000bc9       0x1d /opt/st/stm32cubeclt_1.17.0_2/GNU-tools-for-STM32/bin/../lib/gcc/arm-none-eabi/12.3.1/thumb/v7-m/nofp/libgcc.a(_dvmd_tls.o)
 .ARM.attributes
                0x00000be6       0x2d /opt/st/stm32cubeclt_1.17.0_2/GNU-tools-for-STM32/bin/../lib/gcc/arm-none-eabi/12.3.1/../../../../arm-none-eabi/lib/thumb/v7-m/nofp/libg_nano.a(libc_a-sprintf.o)
 .ARM.attributes
                0x00000c13       0x2d /opt/st/stm32cubeclt_1.17.0_2/GNU-tools-for-STM32/bin/../lib/gcc/arm-none-eabi/12.3.1/../../../../arm-none-eabi/lib/thumb/v7-m/nofp/libg_nano.a(libc_a-errno.o)
 .ARM.attributes
                0x00000c40       0x2d /opt/st/stm32cubeclt_1.17.0_2/GNU-tools-for-STM32/bin/../lib/gcc/arm-none-eabi/12.3.1/../../../../arm-none-eabi/lib/thumb/v7-m/nofp/libg_nano.a(libc_a-nano-svfprintf.o)
 .ARM.attributes
                0x00000c6d       0x1d /opt/st/stm32cubeclt_1.17.0_2/GNU-tools-for-STM32/bin/../lib/gcc/arm-none-eabi/12.3.1/thumb/v7-m/nofp/crtn.o

.comment        0x00000000       0x43
 .comment       0x00000000       0x43 CMakeFiles/BMP280TEST.dir/Core/Src/bmp280.c.obj
                                 0x44 (size before relaxing)
 .comment       0x00000043       0x44 CMakeFiles/BMP280TEST.dir/Core/Src/liquidcrystal_i2c.c.obj
 .comment       0x00000043       0x44 CMakeFiles/BMP280TEST.dir/Core/Src/main.c.obj
 .comment       0x00000043       0x44 CMakeFiles/BMP280TEST.dir/Core/Src/stm32f1xx_it.c.obj
 .comment       0x00000043       0x44 CMakeFiles/BMP280TEST.dir/Core/Src/stm32f1xx_hal_msp.c.obj
 .comment       0x00000043       0x44 CMakeFiles/BMP280TEST.dir/Drivers/STM32F1xx_HAL_Driver/Src/stm32f1xx_hal_i2c.c.obj
 .comment       0x00000043       0x44 CMakeFiles/BMP280TEST.dir/Drivers/STM32F1xx_HAL_Driver/Src/stm32f1xx_hal.c.obj
 .comment       0x00000043       0x44 CMakeFiles/BMP280TEST.dir/Drivers/STM32F1xx_HAL_Driver/Src/stm32f1xx_hal_rcc.c.obj
 .comment       0x00000043       0x44 CMakeFiles/BMP280TEST.dir/Drivers/STM32F1xx_HAL_Driver/Src/stm32f1xx_hal_gpio.c.obj
 .comment       0x00000043       0x44 CMakeFiles/BMP280TEST.dir/Drivers/STM32F1xx_HAL_Driver/Src/stm32f1xx_hal_cortex.c.obj
 .comment       0x00000043       0x44 CMakeFiles/BMP280TEST.dir/Drivers/STM32F1xx_HAL_Driver/Src/stm32f1xx_hal_uart.c.obj
 .comment       0x00000043       0x44 CMakeFiles/BMP280TEST.dir/Core/Src/system_stm32f1xx.c.obj
 .comment       0x00000043       0x44 CMakeFiles/BMP280TEST.dir/Core/Src/sysmem.c.obj
 .comment       0x00000043       0x44 CMakeFiles/BMP280TEST.dir/Core/Src/syscalls.c.obj
 .comment       0x00000043       0x44 /opt/st/stm32cubeclt_1.17.0_2/GNU-tools-for-STM32/bin/../lib/gcc/arm-none-eabi/12.3.1/../../../../arm-none-eabi/lib/thumb/v7-m/nofp/libg_nano.a(libc_a-sprintf.o)
 .comment       0x00000043       0x44 /opt/st/stm32cubeclt_1.17.0_2/GNU-tools-for-STM32/bin/../lib/gcc/arm-none-eabi/12.3.1/../../../../arm-none-eabi/lib/thumb/v7-m/nofp/libg_nano.a(libc_a-errno.o)
 .comment       0x00000043       0x44 /opt/st/stm32cubeclt_1.17.0_2/GNU-tools-for-STM32/bin/../lib/gcc/arm-none-eabi/12.3.1/../../../../arm-none-eabi/lib/thumb/v7-m/nofp/libg_nano.a(libc_a-nano-svfprintf.o)

.debug_frame    0x00000000     0x3f3c
 .debug_frame   0x00000000       0x90 /opt/st/stm32cubeclt_1.17.0_2/GNU-tools-for-STM32/bin/../lib/gcc/arm-none-eabi/12.3.1/../../../../arm-none-eabi/lib/thumb/v7-m/nofp/libc_nano.a(libc_a-nano-vfprintf_float.o)
 .debug_frame   0x00000090       0x60 /opt/st/stm32cubeclt_1.17.0_2/GNU-tools-for-STM32/bin/../lib/gcc/arm-none-eabi/12.3.1/../../../../arm-none-eabi/lib/thumb/v7-m/nofp/libc_nano.a(libc_a-nano-vfprintf_i.o)
 .debug_frame   0x000000f0      0x144 /opt/st/stm32cubeclt_1.17.0_2/GNU-tools-for-STM32/bin/../lib/gcc/arm-none-eabi/12.3.1/../../../../arm-none-eabi/lib/thumb/v7-m/nofp/libc_nano.a(libc_a-findfp.o)
 .debug_frame   0x00000234       0x34 /opt/st/stm32cubeclt_1.17.0_2/GNU-tools-for-STM32/bin/../lib/gcc/arm-none-eabi/12.3.1/../../../../arm-none-eabi/lib/thumb/v7-m/nofp/libc_nano.a(libc_a-fwalk.o)
 .debug_frame   0x00000268       0x88 /opt/st/stm32cubeclt_1.17.0_2/GNU-tools-for-STM32/bin/../lib/gcc/arm-none-eabi/12.3.1/../../../../arm-none-eabi/lib/thumb/v7-m/nofp/libc_nano.a(libc_a-stdio.o)
 .debug_frame   0x000002f0       0x20 /opt/st/stm32cubeclt_1.17.0_2/GNU-tools-for-STM32/bin/../lib/gcc/arm-none-eabi/12.3.1/../../../../arm-none-eabi/lib/thumb/v7-m/nofp/libc_nano.a(libc_a-memset.o)
 .debug_frame   0x00000310       0x40 /opt/st/stm32cubeclt_1.17.0_2/GNU-tools-for-STM32/bin/../lib/gcc/arm-none-eabi/12.3.1/../../../../arm-none-eabi/lib/thumb/v7-m/nofp/libc_nano.a(libc_a-localeconv.o)
 .debug_frame   0x00000350       0x2c /opt/st/stm32cubeclt_1.17.0_2/GNU-tools-for-STM32/bin/../lib/gcc/arm-none-eabi/12.3.1/../../../../arm-none-eabi/lib/thumb/v7-m/nofp/libc_nano.a(libc_a-closer.o)
 .debug_frame   0x0000037c       0x38 /opt/st/stm32cubeclt_1.17.0_2/GNU-tools-for-STM32/bin/../lib/gcc/arm-none-eabi/12.3.1/../../../../arm-none-eabi/lib/thumb/v7-m/nofp/libc_nano.a(libc_a-reent.o)
 .debug_frame   0x000003b4       0x2c /opt/st/stm32cubeclt_1.17.0_2/GNU-tools-for-STM32/bin/../lib/gcc/arm-none-eabi/12.3.1/../../../../arm-none-eabi/lib/thumb/v7-m/nofp/libc_nano.a(libc_a-lseekr.o)
 .debug_frame   0x000003e0       0x2c /opt/st/stm32cubeclt_1.17.0_2/GNU-tools-for-STM32/bin/../lib/gcc/arm-none-eabi/12.3.1/../../../../arm-none-eabi/lib/thumb/v7-m/nofp/libc_nano.a(libc_a-readr.o)
 .debug_frame   0x0000040c       0x2c /opt/st/stm32cubeclt_1.17.0_2/GNU-tools-for-STM32/bin/../lib/gcc/arm-none-eabi/12.3.1/../../../../arm-none-eabi/lib/thumb/v7-m/nofp/libc_nano.a(libc_a-writer.o)
 .debug_frame   0x00000438       0x2c /opt/st/stm32cubeclt_1.17.0_2/GNU-tools-for-STM32/bin/../lib/gcc/arm-none-eabi/12.3.1/../../../../arm-none-eabi/lib/thumb/v7-m/nofp/libc_nano.a(libc_a-init.o)
 .debug_frame   0x00000464       0xb0 /opt/st/stm32cubeclt_1.17.0_2/GNU-tools-for-STM32/bin/../lib/gcc/arm-none-eabi/12.3.1/../../../../arm-none-eabi/lib/thumb/v7-m/nofp/libc_nano.a(libc_a-lock.o)
 .debug_frame   0x00000514       0x28 /opt/st/stm32cubeclt_1.17.0_2/GNU-tools-for-STM32/bin/../lib/gcc/arm-none-eabi/12.3.1/../../../../arm-none-eabi/lib/thumb/v7-m/nofp/libc_nano.a(libc_a-memchr-stub.o)
 .debug_frame   0x0000053c       0x70 /opt/st/stm32cubeclt_1.17.0_2/GNU-tools-for-STM32/bin/../lib/gcc/arm-none-eabi/12.3.1/../../../../arm-none-eabi/lib/thumb/v7-m/nofp/libc_nano.a(libc_a-dtoa.o)
 .debug_frame   0x000005ac       0x38 /opt/st/stm32cubeclt_1.17.0_2/GNU-tools-for-STM32/bin/../lib/gcc/arm-none-eabi/12.3.1/../../../../arm-none-eabi/lib/thumb/v7-m/nofp/libc_nano.a(libc_a-freer.o)
 .debug_frame   0x000005e4       0x30 /opt/st/stm32cubeclt_1.17.0_2/GNU-tools-for-STM32/bin/../lib/gcc/arm-none-eabi/12.3.1/../../../../arm-none-eabi/lib/thumb/v7-m/nofp/libc_nano.a(libc_a-malloc.o)
 .debug_frame   0x00000614       0x50 /opt/st/stm32cubeclt_1.17.0_2/GNU-tools-for-STM32/bin/../lib/gcc/arm-none-eabi/12.3.1/../../../../arm-none-eabi/lib/thumb/v7-m/nofp/libc_nano.a(libc_a-mallocr.o)
 .debug_frame   0x00000664       0x30 /opt/st/stm32cubeclt_1.17.0_2/GNU-tools-for-STM32/bin/../lib/gcc/arm-none-eabi/12.3.1/../../../../arm-none-eabi/lib/thumb/v7-m/nofp/libc_nano.a(libc_a-mlock.o)
 .debug_frame   0x00000694      0x258 /opt/st/stm32cubeclt_1.17.0_2/GNU-tools-for-STM32/bin/../lib/gcc/arm-none-eabi/12.3.1/../../../../arm-none-eabi/lib/thumb/v7-m/nofp/libc_nano.a(libc_a-mprec.o)
 .debug_frame   0x000008ec       0x5c /opt/st/stm32cubeclt_1.17.0_2/GNU-tools-for-STM32/bin/../lib/gcc/arm-none-eabi/12.3.1/../../../../arm-none-eabi/lib/thumb/v7-m/nofp/libc_nano.a(libc_a-fflush.o)
 .debug_frame   0x00000948       0x48 /opt/st/stm32cubeclt_1.17.0_2/GNU-tools-for-STM32/bin/../lib/gcc/arm-none-eabi/12.3.1/../../../../arm-none-eabi/lib/thumb/v7-m/nofp/libc_nano.a(libc_a-locale.o)
 .debug_frame   0x00000990       0x2c /opt/st/stm32cubeclt_1.17.0_2/GNU-tools-for-STM32/bin/../lib/gcc/arm-none-eabi/12.3.1/../../../../arm-none-eabi/lib/thumb/v7-m/nofp/libc_nano.a(libc_a-sbrkr.o)
 .debug_frame   0x000009bc       0x28 /opt/st/stm32cubeclt_1.17.0_2/GNU-tools-for-STM32/bin/../lib/gcc/arm-none-eabi/12.3.1/../../../../arm-none-eabi/lib/thumb/v7-m/nofp/libc_nano.a(libc_a-memcpy-stub.o)
 .debug_frame   0x000009e4       0x40 /opt/st/stm32cubeclt_1.17.0_2/GNU-tools-for-STM32/bin/../lib/gcc/arm-none-eabi/12.3.1/../../../../arm-none-eabi/lib/thumb/v7-m/nofp/libc_nano.a(libc_a-assert.o)
 .debug_frame   0x00000a24       0x2c /opt/st/stm32cubeclt_1.17.0_2/GNU-tools-for-STM32/bin/../lib/gcc/arm-none-eabi/12.3.1/../../../../arm-none-eabi/lib/thumb/v7-m/nofp/libc_nano.a(libc_a-callocr.o)
 .debug_frame   0x00000a50       0x48 /opt/st/stm32cubeclt_1.17.0_2/GNU-tools-for-STM32/bin/../lib/gcc/arm-none-eabi/12.3.1/../../../../arm-none-eabi/lib/thumb/v7-m/nofp/libc_nano.a(libc_a-mbtowc_r.o)
 .debug_frame   0x00000a98       0x3c /opt/st/stm32cubeclt_1.17.0_2/GNU-tools-for-STM32/bin/../lib/gcc/arm-none-eabi/12.3.1/../../../../arm-none-eabi/lib/thumb/v7-m/nofp/libc_nano.a(libc_a-wctomb_r.o)
 .debug_frame   0x00000ad4       0x64 /opt/st/stm32cubeclt_1.17.0_2/GNU-tools-for-STM32/bin/../lib/gcc/arm-none-eabi/12.3.1/../../../../arm-none-eabi/lib/thumb/v7-m/nofp/libc_nano.a(libc_a-fprintf.o)
 .debug_frame   0x00000b38       0x28 /opt/st/stm32cubeclt_1.17.0_2/GNU-tools-for-STM32/bin/../lib/gcc/arm-none-eabi/12.3.1/../../../../arm-none-eabi/lib/thumb/v7-m/nofp/libc_nano.a(libc_a-abort.o)
 .debug_frame   0x00000b60       0xa8 /opt/st/stm32cubeclt_1.17.0_2/GNU-tools-for-STM32/bin/../lib/gcc/arm-none-eabi/12.3.1/../../../../arm-none-eabi/lib/thumb/v7-m/nofp/libc_nano.a(libc_a-nano-vfprintf.o)
 .debug_frame   0x00000c08       0x40 /opt/st/stm32cubeclt_1.17.0_2/GNU-tools-for-STM32/bin/../lib/gcc/arm-none-eabi/12.3.1/../../../../arm-none-eabi/lib/thumb/v7-m/nofp/libc_nano.a(libc_a-wbuf.o)
 .debug_frame   0x00000c48       0x2c /opt/st/stm32cubeclt_1.17.0_2/GNU-tools-for-STM32/bin/../lib/gcc/arm-none-eabi/12.3.1/../../../../arm-none-eabi/lib/thumb/v7-m/nofp/libc_nano.a(libc_a-wsetup.o)
 .debug_frame   0x00000c74       0x28 /opt/st/stm32cubeclt_1.17.0_2/GNU-tools-for-STM32/bin/../lib/gcc/arm-none-eabi/12.3.1/../../../../arm-none-eabi/lib/thumb/v7-m/nofp/libc_nano.a(libc_a-memmove.o)
 .debug_frame   0x00000c9c       0xcc /opt/st/stm32cubeclt_1.17.0_2/GNU-tools-for-STM32/bin/../lib/gcc/arm-none-eabi/12.3.1/../../../../arm-none-eabi/lib/thumb/v7-m/nofp/libc_nano.a(libc_a-signal.o)
 .debug_frame   0x00000d68       0x3c /opt/st/stm32cubeclt_1.17.0_2/GNU-tools-for-STM32/bin/../lib/gcc/arm-none-eabi/12.3.1/../../../../arm-none-eabi/lib/thumb/v7-m/nofp/libc_nano.a(libc_a-signalr.o)
 .debug_frame   0x00000da4       0x3c /opt/st/stm32cubeclt_1.17.0_2/GNU-tools-for-STM32/bin/../lib/gcc/arm-none-eabi/12.3.1/../../../../arm-none-eabi/lib/thumb/v7-m/nofp/libc_nano.a(libc_a-reallocr.o)
 .debug_frame   0x00000de0       0x58 /opt/st/stm32cubeclt_1.17.0_2/GNU-tools-for-STM32/bin/../lib/gcc/arm-none-eabi/12.3.1/../../../../arm-none-eabi/lib/thumb/v7-m/nofp/libc_nano.a(libc_a-makebuf.o)
 .debug_frame   0x00000e38       0x2c /opt/st/stm32cubeclt_1.17.0_2/GNU-tools-for-STM32/bin/../lib/gcc/arm-none-eabi/12.3.1/../../../../arm-none-eabi/lib/thumb/v7-m/nofp/libc_nano.a(libc_a-fstatr.o)
 .debug_frame   0x00000e64       0x2c /opt/st/stm32cubeclt_1.17.0_2/GNU-tools-for-STM32/bin/../lib/gcc/arm-none-eabi/12.3.1/../../../../arm-none-eabi/lib/thumb/v7-m/nofp/libc_nano.a(libc_a-isattyr.o)
 .debug_frame   0x00000e90       0x20 /opt/st/stm32cubeclt_1.17.0_2/GNU-tools-for-STM32/bin/../lib/gcc/arm-none-eabi/12.3.1/../../../../arm-none-eabi/lib/thumb/v7-m/nofp/libc_nano.a(libc_a-msizer.o)
 .debug_frame   0x00000eb0      0x228 CMakeFiles/BMP280TEST.dir/Core/Src/bmp280.c.obj
 .debug_frame   0x000010d8      0x3f0 CMakeFiles/BMP280TEST.dir/Core/Src/liquidcrystal_i2c.c.obj
 .debug_frame   0x000014c8       0xcc CMakeFiles/BMP280TEST.dir/Core/Src/main.c.obj
 .debug_frame   0x00001594      0x104 CMakeFiles/BMP280TEST.dir/Core/Src/stm32f1xx_it.c.obj
 .debug_frame   0x00001698       0xc8 CMakeFiles/BMP280TEST.dir/Core/Src/stm32f1xx_hal_msp.c.obj
 .debug_frame   0x00001760      0xc84 CMakeFiles/BMP280TEST.dir/Drivers/STM32F1xx_HAL_Driver/Src/stm32f1xx_hal_i2c.c.obj
 .debug_frame   0x000023e4      0x334 CMakeFiles/BMP280TEST.dir/Drivers/STM32F1xx_HAL_Driver/Src/stm32f1xx_hal.c.obj
 .debug_frame   0x00002718      0x218 CMakeFiles/BMP280TEST.dir/Drivers/STM32F1xx_HAL_Driver/Src/stm32f1xx_hal_rcc.c.obj
 .debug_frame   0x00002930      0x14c CMakeFiles/BMP280TEST.dir/Drivers/STM32F1xx_HAL_Driver/Src/stm32f1xx_hal_gpio.c.obj
 .debug_frame   0x00002a7c      0x428 CMakeFiles/BMP280TEST.dir/Drivers/STM32F1xx_HAL_Driver/Src/stm32f1xx_hal_cortex.c.obj
 .debug_frame   0x00002ea4      0x944 CMakeFiles/BMP280TEST.dir/Drivers/STM32F1xx_HAL_Driver/Src/stm32f1xx_hal_uart.c.obj
 .debug_frame   0x000037e8       0x58 CMakeFiles/BMP280TEST.dir/Core/Src/system_stm32f1xx.c.obj
 .debug_frame   0x00003840       0x34 CMakeFiles/BMP280TEST.dir/Core/Src/sysmem.c.obj
 .debug_frame   0x00003874      0x2ac CMakeFiles/BMP280TEST.dir/Core/Src/syscalls.c.obj
 .debug_frame   0x00003b20       0xac /opt/st/stm32cubeclt_1.17.0_2/GNU-tools-for-STM32/bin/../lib/gcc/arm-none-eabi/12.3.1/thumb/v7-m/nofp/libgcc.a(_arm_addsubdf3.o)
 .debug_frame   0x00003bcc       0x50 /opt/st/stm32cubeclt_1.17.0_2/GNU-tools-for-STM32/bin/../lib/gcc/arm-none-eabi/12.3.1/thumb/v7-m/nofp/libgcc.a(_arm_muldivdf3.o)
 .debug_frame   0x00003c1c       0xc4 /opt/st/stm32cubeclt_1.17.0_2/GNU-tools-for-STM32/bin/../lib/gcc/arm-none-eabi/12.3.1/thumb/v7-m/nofp/libgcc.a(_arm_cmpdf2.o)
 .debug_frame   0x00003ce0       0x20 /opt/st/stm32cubeclt_1.17.0_2/GNU-tools-for-STM32/bin/../lib/gcc/arm-none-eabi/12.3.1/thumb/v7-m/nofp/libgcc.a(_arm_unorddf2.o)
 .debug_frame   0x00003d00       0x24 /opt/st/stm32cubeclt_1.17.0_2/GNU-tools-for-STM32/bin/../lib/gcc/arm-none-eabi/12.3.1/thumb/v7-m/nofp/libgcc.a(_arm_fixdfsi.o)
 .debug_frame   0x00003d24       0x4c /opt/st/stm32cubeclt_1.17.0_2/GNU-tools-for-STM32/bin/../lib/gcc/arm-none-eabi/12.3.1/thumb/v7-m/nofp/libgcc.a(_arm_addsubsf3.o)
 .debug_frame   0x00003d70       0x38 /opt/st/stm32cubeclt_1.17.0_2/GNU-tools-for-STM32/bin/../lib/gcc/arm-none-eabi/12.3.1/thumb/v7-m/nofp/libgcc.a(_arm_muldivsf3.o)
 .debug_frame   0x00003da8       0x44 /opt/st/stm32cubeclt_1.17.0_2/GNU-tools-for-STM32/bin/../lib/gcc/arm-none-eabi/12.3.1/thumb/v7-m/nofp/libgcc.a(_aeabi_ldivmod.o)
 .debug_frame   0x00003dec       0x34 /opt/st/stm32cubeclt_1.17.0_2/GNU-tools-for-STM32/bin/../lib/gcc/arm-none-eabi/12.3.1/thumb/v7-m/nofp/libgcc.a(_udivmoddi4.o)
 .debug_frame   0x00003e20       0x6c /opt/st/stm32cubeclt_1.17.0_2/GNU-tools-for-STM32/bin/../lib/gcc/arm-none-eabi/12.3.1/../../../../arm-none-eabi/lib/thumb/v7-m/nofp/libg_nano.a(libc_a-sprintf.o)
 .debug_frame   0x00003e8c       0x20 /opt/st/stm32cubeclt_1.17.0_2/GNU-tools-for-STM32/bin/../lib/gcc/arm-none-eabi/12.3.1/../../../../arm-none-eabi/lib/thumb/v7-m/nofp/libg_nano.a(libc_a-errno.o)
 .debug_frame   0x00003eac       0x90 /opt/st/stm32cubeclt_1.17.0_2/GNU-tools-for-STM32/bin/../lib/gcc/arm-none-eabi/12.3.1/../../../../arm-none-eabi/lib/thumb/v7-m/nofp/libg_nano.a(libc_a-nano-svfprintf.o)

.debug_info     0x00000000     0xd4c1
 .debug_info    0x00000000      0xe0f CMakeFiles/BMP280TEST.dir/Core/Src/bmp280.c.obj
 .debug_info    0x00000e0f      0xc1c CMakeFiles/BMP280TEST.dir/Core/Src/liquidcrystal_i2c.c.obj
 .debug_info    0x00001a2b     0x10ba CMakeFiles/BMP280TEST.dir/Core/Src/main.c.obj
 .debug_info    0x00002ae5      0x113 CMakeFiles/BMP280TEST.dir/Core/Src/stm32f1xx_it.c.obj
 .debug_info    0x00002bf8      0xb0f CMakeFiles/BMP280TEST.dir/Core/Src/stm32f1xx_hal_msp.c.obj